2025-11-18 02:57:26 PM [error]: Error fetching Inventory Stock by ID: invalid input syntax for type uuid: "eod-report" 
2025-11-18 02:57:26 PM [error]: Unhandled Error: invalid input syntax for type uuid: "eod-report" 
2025-11-18 03:05:31 PM [error]: Error fetching Inventory Stock by ID: invalid input syntax for type uuid: "eod-report" 
2025-11-18 03:05:31 PM [error]: Unhandled Error: invalid input syntax for type uuid: "eod-report" 
2025-11-18 03:07:21 PM [error]: Error fetching End of Day Report: missing FROM-clause entry for table "dumpproduct" 
2025-11-18 03:07:21 PM [error]: Unhandled Error: missing FROM-clause entry for table "dumpproduct" 
2025-11-18 03:07:24 PM [error]: Error fetching End of Day Report: missing FROM-clause entry for table "dumpproduct" 
2025-11-18 03:07:24 PM [error]: Unhandled Error: missing FROM-clause entry for table "dumpproduct" 
2025-11-18 03:18:59 PM [error]: Error fetching End of Day Report: missing FROM-clause entry for table "dumpproduct" 
2025-11-18 03:18:59 PM [error]: Unhandled Error: missing FROM-clause entry for table "dumpproduct" 
2025-11-18 03:33:50 PM [error]: Unexpected error during login process 
2025-11-18 03:33:50 PM [error]: AppError: Password is incorrect. Please try again. 
2025-11-18 03:33:50 PM [error]: AppError: You need to re-authenticate. Please log in. 
2025-11-18 03:34:34 PM [error]: Unexpected error during login process 
2025-11-18 03:34:34 PM [error]: AppError: Password is incorrect. Please try again. 
2025-11-18 03:34:34 PM [error]: AppError: You need to re-authenticate. Please log in. 
2025-11-18 03:53:26 PM [error]: Error occurred while creating dump register 
2025-11-18 03:53:26 PM [error]: Error in dump register creation 
2025-11-18 03:53:26 PM [error]: Unhandled Error: Failed to create Dump Register 
2025-11-18 04:02:39 PM [error]: Error occurred while creating dump register 
2025-11-18 04:02:39 PM [error]: Error in dump register creation 
2025-11-18 04:02:39 PM [error]: Unhandled Error: Failed to create Dump Register 
2025-11-18 04:04:55 PM [error]: Error occurred while creating dump register 
2025-11-18 04:04:55 PM [error]: Error in dump register creation 
2025-11-18 04:04:55 PM [error]: Unhandled Error: Failed to create Dump Register: Each dump product must have productId and variantId 
2025-11-18 04:07:07 PM [error]: Error occurred while fetching all dump registers 
2025-11-18 04:07:07 PM [error]: Unhandled Error: Cannot read properties of null (reading 'name') 
2025-11-18 04:07:08 PM [error]: Error occurred while fetching all dump registers 
2025-11-18 04:07:08 PM [error]: Unhandled Error: Cannot read properties of null (reading 'name') 
2025-11-18 04:07:26 PM [error]: Error occurred while fetching all dump registers 
2025-11-18 04:07:26 PM [error]: Unhandled Error: Cannot read properties of null (reading 'name') 
2025-11-18 04:07:27 PM [error]: Error occurred while fetching all dump registers 
2025-11-18 04:07:27 PM [error]: Unhandled Error: Cannot read properties of null (reading 'name') 
2025-11-18 04:07:41 PM [error]: Error occurred while fetching all dump registers 
2025-11-18 04:07:41 PM [error]: Unhandled Error: Cannot read properties of null (reading 'name') 
2025-11-18 04:08:32 PM [error]: Error occurred while fetching all dump registers 
2025-11-18 04:08:32 PM [error]: Unhandled Error: Cannot read properties of null (reading 'name') 
2025-11-18 04:08:37 PM [error]: Error occurred while fetching all dump registers 
2025-11-18 04:08:37 PM [error]: Unhandled Error: Cannot read properties of null (reading 'name') 
2025-11-18 04:08:39 PM [error]: Error occurred while fetching all dump registers 
2025-11-18 04:08:39 PM [error]: Unhandled Error: Cannot read properties of null (reading 'name') 
2025-11-18 04:59:56 PM [error]: No farmers found 
2025-11-18 04:59:56 PM [error]: AppError: No farmers found 
2025-11-18 04:59:57 PM [error]: No farmers found 
2025-11-18 04:59:57 PM [error]: AppError: No farmers found 
2025-11-19 10:50:30 AM [error]: Error fetching End of Day Report: column returnProduct.quantity does not exist 
2025-11-19 10:50:31 AM [error]: Unhandled Error: column returnProduct.quantity does not exist 
2025-11-20 10:15:53 AM [error]: Unhandled Error: Cannot read properties of undefined (reading 'id') 
2025-11-20 10:20:56 AM [error]: Unhandled Error: Failed to generate or upload PDF 
2025-11-20 10:25:05 AM [error]: Unhandled Error: Failed to generate or upload PDF 
2025-11-20 10:27:22 AM [error]: Unhandled Error: Failed to generate or upload PDF 
2025-11-20 10:28:46 AM [error]: Unhandled Error: The AWS Access Key Id you provided does not exist in our records. 
2025-11-20 10:31:09 AM [error]: Unhandled Error: Timed out after 30000 ms while waiting for the WS endpoint URL to appear in stdout! 
2025-11-20 10:31:21 AM [error]: Unhandled Promise Rejection: EBUSY: resource busy or locked, unlink 'C:\Users\Admin\AppData\Local\Temp\puppeteer_dev_chrome_profile-XXXXXXJnWL50\first_party_sets.db-journal' 
2025-11-20 11:22:57 AM [error]: Error fetching challan by ID 
2025-11-20 11:22:57 AM [error]: Unhandled Error: Error fetching document: Error: Document with ID d365435c-2bb5-44f2-98a1-8ce8b83ed16e not found 
2025-11-20 11:23:03 AM [error]: Error fetching challan by ID 
2025-11-20 11:23:03 AM [error]: Unhandled Error: Error fetching document: Error: Document with ID d365435c-2bb5-44f2-98a1-8ce8b83ed16e not found 
2025-11-20 11:40:40 AM [error]: AppError: You need to re-authenticate. Please log in. 
2025-11-20 11:40:40 AM [error]: AppError: You need to re-authenticate. Please log in. 
2025-11-20 11:40:41 AM [error]: AppError: You need to re-authenticate. Please log in. 
2025-11-20 11:40:41 AM [error]: AppError: You need to re-authenticate. Please log in. 
2025-11-20 11:40:41 AM [error]: AppError: You need to re-authenticate. Please log in. 
2025-11-20 11:40:41 AM [error]: AppError: You need to re-authenticate. Please log in. 
2025-11-20 11:40:41 AM [error]: AppError: You need to re-authenticate. Please log in. 
2025-11-20 11:40:41 AM [error]: AppError: You need to re-authenticate. Please log in. 
2025-11-20 11:40:41 AM [error]: AppError: You need to re-authenticate. Please log in. 
2025-11-20 11:40:41 AM [error]: AppError: You need to re-authenticate. Please log in. 
2025-11-20 11:40:41 AM [error]: AppError: You need to re-authenticate. Please log in. 
2025-11-20 11:40:41 AM [error]: AppError: You need to re-authenticate. Please log in. 
2025-11-20 11:40:41 AM [error]: AppError: You need to re-authenticate. Please log in. 
2025-11-20 11:40:41 AM [error]: AppError: You need to re-authenticate. Please log in. 
2025-11-20 11:40:41 AM [error]: AppError: You need to re-authenticate. Please log in. 
2025-11-20 11:40:41 AM [error]: AppError: You need to re-authenticate. Please log in. 
2025-11-20 11:40:41 AM [error]: AppError: You need to re-authenticate. Please log in. 
2025-11-20 11:40:41 AM [error]: AppError: You need to re-authenticate. Please log in. 
2025-11-20 11:40:41 AM [error]: AppError: You need to re-authenticate. Please log in. 
2025-11-20 11:40:41 AM [error]: AppError: You need to re-authenticate. Please log in. 
2025-11-20 11:40:41 AM [error]: AppError: You need to re-authenticate. Please log in. 
2025-11-20 11:40:41 AM [error]: AppError: You need to re-authenticate. Please log in. 
2025-11-20 11:40:42 AM [error]: AppError: You need to re-authenticate. Please log in. 
2025-11-20 11:40:42 AM [error]: AppError: You need to re-authenticate. Please log in. 
2025-11-20 11:40:42 AM [error]: AppError: You need to re-authenticate. Please log in. 
2025-11-20 11:40:42 AM [error]: AppError: You need to re-authenticate. Please log in. 
2025-11-20 11:40:42 AM [error]: AppError: You need to re-authenticate. Please log in. 
2025-11-20 11:40:42 AM [error]: AppError: You need to re-authenticate. Please log in. 
2025-11-20 11:40:42 AM [error]: AppError: You need to re-authenticate. Please log in. 
2025-11-20 11:40:42 AM [error]: AppError: You need to re-authenticate. Please log in. 
2025-11-20 11:40:42 AM [error]: AppError: You need to re-authenticate. Please log in. 
2025-11-20 11:40:42 AM [error]: AppError: You need to re-authenticate. Please log in. 
2025-11-20 11:40:42 AM [error]: AppError: You need to re-authenticate. Please log in. 
2025-11-20 11:40:42 AM [error]: AppError: You need to re-authenticate. Please log in. 
2025-11-20 11:40:42 AM [error]: AppError: You need to re-authenticate. Please log in. 
2025-11-20 11:40:42 AM [error]: AppError: You need to re-authenticate. Please log in. 
2025-11-20 11:40:42 AM [error]: AppError: You need to re-authenticate. Please log in. 
2025-11-20 11:40:42 AM [error]: AppError: You need to re-authenticate. Please log in. 
2025-11-20 11:40:42 AM [error]: AppError: You need to re-authenticate. Please log in. 
2025-11-20 11:40:42 AM [error]: AppError: You need to re-authenticate. Please log in. 
2025-11-20 11:40:43 AM [error]: AppError: You need to re-authenticate. Please log in. 
2025-11-20 11:40:43 AM [error]: AppError: You need to re-authenticate. Please log in. 
2025-11-20 11:40:43 AM [error]: AppError: You need to re-authenticate. Please log in. 
2025-11-20 11:40:43 AM [error]: AppError: You need to re-authenticate. Please log in. 
2025-11-20 12:25:11 PM [error]: AppError: You need to re-authenticate. Please log in. 
2025-11-20 12:25:11 PM [error]: AppError: You need to re-authenticate. Please log in. 
2025-11-20 12:25:11 PM [error]: AppError: You need to re-authenticate. Please log in. 
2025-11-20 12:25:12 PM [error]: AppError: You need to re-authenticate. Please log in. 
2025-11-20 12:25:12 PM [error]: AppError: You need to re-authenticate. Please log in. 
2025-11-20 12:25:12 PM [error]: AppError: You need to re-authenticate. Please log in. 
2025-11-20 12:25:12 PM [error]: AppError: You need to re-authenticate. Please log in. 
2025-11-20 12:25:12 PM [error]: AppError: You need to re-authenticate. Please log in. 
2025-11-20 12:26:04 PM [error]: AppError: You need to re-authenticate. Please log in. 
2025-11-20 12:26:04 PM [error]: AppError: You need to re-authenticate. Please log in. 
2025-11-20 12:26:04 PM [error]: AppError: You need to re-authenticate. Please log in. 
2025-11-20 12:26:05 PM [error]: AppError: You need to re-authenticate. Please log in. 
2025-11-20 12:26:05 PM [error]: AppError: You need to re-authenticate. Please log in. 
2025-11-20 12:26:05 PM [error]: AppError: You need to re-authenticate. Please log in. 
2025-11-20 12:26:05 PM [error]: AppError: You need to re-authenticate. Please log in. 
2025-11-20 12:26:05 PM [error]: AppError: You need to re-authenticate. Please log in. 
2025-11-20 12:26:06 PM [error]: AppError: You need to re-authenticate. Please log in. 
2025-11-20 12:26:06 PM [error]: AppError: You need to re-authenticate. Please log in. 
2025-11-20 12:26:06 PM [error]: AppError: You need to re-authenticate. Please log in. 
2025-11-20 12:26:06 PM [error]: AppError: You need to re-authenticate. Please log in. 
2025-11-20 12:26:06 PM [error]: AppError: You need to re-authenticate. Please log in. 
2025-11-20 12:26:06 PM [error]: AppError: You need to re-authenticate. Please log in. 
2025-11-20 12:26:06 PM [error]: AppError: You need to re-authenticate. Please log in. 
2025-11-20 12:26:06 PM [error]: AppError: You need to re-authenticate. Please log in. 
2025-11-20 12:26:10 PM [error]: AppError: You need to re-authenticate. Please log in. 
2025-11-20 12:26:10 PM [error]: AppError: You need to re-authenticate. Please log in. 
2025-11-20 12:26:11 PM [error]: AppError: You need to re-authenticate. Please log in. 
2025-11-20 12:26:11 PM [error]: AppError: You need to re-authenticate. Please log in. 
2025-11-20 12:37:04 PM [error]: AppError: You need to re-authenticate. Please log in. 
2025-11-20 12:37:04 PM [error]: AppError: You need to re-authenticate. Please log in. 
2025-11-20 12:37:04 PM [error]: AppError: You need to re-authenticate. Please log in. 
2025-11-20 12:37:04 PM [error]: AppError: You need to re-authenticate. Please log in. 
2025-11-20 12:37:04 PM [error]: AppError: You need to re-authenticate. Please log in. 
2025-11-20 12:37:04 PM [error]: AppError: You need to re-authenticate. Please log in. 
2025-11-20 12:37:04 PM [error]: AppError: You need to re-authenticate. Please log in. 
2025-11-20 12:37:04 PM [error]: AppError: You need to re-authenticate. Please log in. 
2025-11-20 12:37:04 PM [error]: AppError: You need to re-authenticate. Please log in. 
2025-11-20 12:37:04 PM [error]: AppError: You need to re-authenticate. Please log in. 
2025-11-20 12:37:04 PM [error]: AppError: You need to re-authenticate. Please log in. 
2025-11-20 12:37:04 PM [error]: AppError: You need to re-authenticate. Please log in. 
2025-11-20 12:37:04 PM [error]: AppError: You need to re-authenticate. Please log in. 
2025-11-20 12:37:04 PM [error]: AppError: You need to re-authenticate. Please log in. 
2025-11-20 12:37:04 PM [error]: AppError: You need to re-authenticate. Please log in. 
2025-11-20 12:37:05 PM [error]: AppError: You need to re-authenticate. Please log in. 
2025-11-20 12:37:05 PM [error]: AppError: You need to re-authenticate. Please log in. 
2025-11-20 12:37:05 PM [error]: AppError: You need to re-authenticate. Please log in. 
2025-11-20 12:37:05 PM [error]: AppError: You need to re-authenticate. Please log in. 
2025-11-20 12:37:05 PM [error]: AppError: You need to re-authenticate. Please log in. 
2025-11-20 12:37:05 PM [error]: AppError: You need to re-authenticate. Please log in. 
2025-11-20 12:37:05 PM [error]: AppError: You need to re-authenticate. Please log in. 
2025-11-20 12:37:05 PM [error]: AppError: You need to re-authenticate. Please log in. 
2025-11-20 12:37:05 PM [error]: AppError: You need to re-authenticate. Please log in. 
2025-11-20 12:37:06 PM [error]: AppError: You need to re-authenticate. Please log in. 
2025-11-20 12:37:06 PM [error]: AppError: You need to re-authenticate. Please log in. 
2025-11-20 12:40:12 PM [error]: Unexpected error during login process 
2025-11-20 12:40:12 PM [error]: AppError: Password is incorrect. Please try again. 
2025-11-20 12:40:12 PM [error]: AppError: You need to re-authenticate. Please log in. 
2025-11-20 12:40:15 PM [error]: Unexpected error during login process 
2025-11-20 12:40:15 PM [error]: AppError: Password is incorrect. Please try again. 
2025-11-20 12:40:15 PM [error]: AppError: You need to re-authenticate. Please log in. 
2025-11-20 12:41:28 PM [error]: Unexpected error during login process 
2025-11-20 12:41:28 PM [error]: AppError: Password is incorrect. Please try again. 
2025-11-20 12:41:28 PM [error]: AppError: You need to re-authenticate. Please log in. 
2025-11-20 12:44:29 PM [error]: Unhandled Promise Rejection: Something went wrong In Approval flow service 
2025-11-20 12:44:30 PM [error]: Error occurred while creating second sale 
2025-11-20 12:44:30 PM [error]: Unhandled Error: null value in column "saleDate" of relation "second_sale_document" violates not-null constraint 
2025-11-21 11:21:14 AM [error]: Error occurred while fetching farmer details 
2025-11-21 11:21:16 AM [error]: Unhandled Error: Cannot read properties of null (reading 'id') 
2025-11-21 11:21:17 AM [error]: Error occurred while fetching farmer details 
2025-11-21 11:21:17 AM [error]: Unhandled Error: Cannot read properties of null (reading 'id') 
2025-11-21 11:21:35 AM [error]: Error occurred while fetching farmer details 
2025-11-21 11:21:36 AM [error]: Unhandled Error: Cannot read properties of null (reading 'id') 
2025-11-21 11:21:37 AM [error]: Error occurred while fetching farmer details 
2025-11-21 11:21:37 AM [error]: Unhandled Error: Cannot read properties of null (reading 'id') 
2025-11-21 11:21:49 AM [error]: Error occurred while fetching farmer details 
2025-11-21 11:21:49 AM [error]: Unhandled Error: Cannot read properties of null (reading 'id') 
2025-11-21 11:21:51 AM [error]: Error occurred while fetching farmer details 
2025-11-21 11:21:51 AM [error]: Unhandled Error: Cannot read properties of null (reading 'id') 
2025-11-21 11:24:18 AM [error]: Error occurred while fetching farmer details 
2025-11-21 11:24:18 AM [error]: Unhandled Error: Cannot read properties of null (reading 'id') 
2025-11-21 11:24:19 AM [error]: Error occurred while fetching farmer details 
2025-11-21 11:24:19 AM [error]: Unhandled Error: Cannot read properties of null (reading 'id') 
2025-11-21 11:26:00 AM [error]: Error occurred while fetching farmer details 
2025-11-21 11:26:00 AM [error]: Unhandled Error: Cannot read properties of null (reading 'name') 
2025-11-21 11:26:01 AM [error]: Error occurred while fetching farmer details 
2025-11-21 11:26:01 AM [error]: Unhandled Error: Cannot read properties of null (reading 'name') 
2025-11-21 11:32:34 AM [error]: Error occurred while fetching farmer details 
2025-11-21 11:32:34 AM [error]: Unhandled Error: Cannot read properties of null (reading 'name') 
2025-11-21 11:35:21 AM [error]: Error occurred while fetching farmer details 
2025-11-21 11:35:21 AM [error]: Unhandled Error: Cannot read properties of null (reading 'name') 
2025-11-21 11:35:23 AM [error]: Error occurred while fetching farmer details 
2025-11-21 11:35:23 AM [error]: Unhandled Error: Cannot read properties of null (reading 'name') 
2025-11-21 11:37:49 AM [error]: Error occurred while fetching farmer details 
2025-11-21 11:37:49 AM [error]: Unhandled Error: Cannot read properties of null (reading 'id') 
2025-11-21 11:37:50 AM [error]: Error occurred while fetching farmer details 
2025-11-21 11:37:50 AM [error]: Unhandled Error: Cannot read properties of null (reading 'id') 
2025-11-21 11:38:13 AM [error]: Error occurred while fetching farmer details 
2025-11-21 11:38:13 AM [error]: Unhandled Error: Cannot read properties of null (reading 'id') 
2025-11-21 11:38:14 AM [error]: Error occurred while fetching farmer details 
2025-11-21 11:38:14 AM [error]: Unhandled Error: Cannot read properties of null (reading 'id') 
2025-11-21 11:43:47 AM [error]: AppError: Only JPG, JPEG, PNG images, and PDFs are allowed! 
2025-11-21 11:46:36 AM [error]: AppError: Only JPG, JPEG, PNG images, and PDFs are allowed! 
2025-11-21 11:51:27 AM [error]: Unhandled Error: The AWS Access Key Id you provided does not exist in our records. 
2025-11-21 12:02:30 PM [error]: Error fetching End of Day Report: Relation with property path stockTransferDeliveryChallan in entity was not found. 
2025-11-21 12:02:30 PM [error]: Unhandled Error: Relation with property path stockTransferDeliveryChallan in entity was not found. 
2025-11-21 12:49:04 PM [error]: Error fetching End of Day Report: Relation with property path partyName in entity was not found. 
2025-11-21 12:49:04 PM [error]: Unhandled Error: Relation with property path partyName in entity was not found. 
2025-11-21 12:53:30 PM [error]: Error fetching End of Day Report: column invoice.taxamount does not exist 
2025-11-21 12:53:30 PM [error]: Unhandled Error: column invoice.taxamount does not exist 
2025-11-22 02:43:32 PM [error]: AppError: You need to re-authenticate. Please log in. 
2025-11-22 02:43:32 PM [error]: AppError: You need to re-authenticate. Please log in. 
2025-11-22 02:43:32 PM [error]: AppError: You need to re-authenticate. Please log in. 
2025-11-24 04:45:03 PM [error]: Error fetching End of Day Report: column dcProduct.returnedAmount does not exist 
2025-11-24 04:45:03 PM [error]: Unhandled Error: column dcProduct.returnedAmount does not exist 
2025-11-24 05:10:30 PM [error]: AppError: You need to re-authenticate. Please log in. 
2025-11-24 05:10:30 PM [error]: AppError: You need to re-authenticate. Please log in. 
2025-11-28 03:18:10 PM [error]: AppError: You need to re-authenticate. Please log in. 
2025-11-28 03:18:10 PM [error]: AppError: You need to re-authenticate. Please log in. 
2025-11-28 03:18:10 PM [error]: AppError: You need to re-authenticate. Please log in. 
2025-11-28 03:18:10 PM [error]: AppError: You need to re-authenticate. Please log in. 
2025-11-28 03:18:10 PM [error]: AppError: You need to re-authenticate. Please log in. 
2025-11-28 03:18:10 PM [error]: AppError: You need to re-authenticate. Please log in. 
2025-11-28 03:18:10 PM [error]: AppError: You need to re-authenticate. Please log in. 
2025-11-28 03:18:10 PM [error]: AppError: You need to re-authenticate. Please log in. 
2025-11-28 03:18:10 PM [error]: AppError: You need to re-authenticate. Please log in. 
2025-11-28 03:18:10 PM [error]: AppError: You need to re-authenticate. Please log in. 
2025-11-28 03:18:10 PM [error]: AppError: You need to re-authenticate. Please log in. 
2025-11-28 03:18:13 PM [error]: AppError: You need to re-authenticate. Please log in. 
2025-11-28 03:18:13 PM [error]: AppError: You need to re-authenticate. Please log in. 
2025-11-28 03:18:13 PM [error]: AppError: You need to re-authenticate. Please log in. 
2025-11-28 03:18:13 PM [error]: AppError: You need to re-authenticate. Please log in. 
2025-11-28 03:18:13 PM [error]: AppError: You need to re-authenticate. Please log in. 
2025-11-28 03:18:13 PM [error]: AppError: You need to re-authenticate. Please log in. 
2025-11-28 03:18:13 PM [error]: AppError: You need to re-authenticate. Please log in. 
2025-11-28 03:18:13 PM [error]: AppError: You need to re-authenticate. Please log in. 
2025-11-28 03:18:13 PM [error]: AppError: You need to re-authenticate. Please log in. 
2025-11-28 03:18:13 PM [error]: AppError: You need to re-authenticate. Please log in. 
2025-11-28 03:18:13 PM [error]: AppError: You need to re-authenticate. Please log in. 
2025-11-28 03:18:16 PM [error]: AppError: You need to re-authenticate. Please log in. 
2025-11-28 03:18:16 PM [error]: AppError: You need to re-authenticate. Please log in. 
2025-11-28 03:18:16 PM [error]: AppError: You need to re-authenticate. Please log in. 
2025-11-28 03:18:16 PM [error]: AppError: You need to re-authenticate. Please log in. 
2025-11-28 03:18:16 PM [error]: AppError: You need to re-authenticate. Please log in. 
2025-11-28 03:18:16 PM [error]: AppError: You need to re-authenticate. Please log in. 
2025-11-28 03:18:16 PM [error]: AppError: You need to re-authenticate. Please log in. 
2025-11-28 03:18:16 PM [error]: AppError: You need to re-authenticate. Please log in. 
2025-11-28 03:18:17 PM [error]: AppError: You need to re-authenticate. Please log in. 
2025-11-28 03:18:17 PM [error]: AppError: You need to re-authenticate. Please log in. 
2025-11-28 03:18:17 PM [error]: AppError: You need to re-authenticate. Please log in. 
2025-11-28 03:18:17 PM [error]: AppError: You need to re-authenticate. Please log in. 
2025-11-28 03:18:17 PM [error]: AppError: You need to re-authenticate. Please log in. 
2025-11-28 03:18:17 PM [error]: AppError: You need to re-authenticate. Please log in. 
2025-11-28 03:18:17 PM [error]: AppError: You need to re-authenticate. Please log in. 
2025-11-28 03:18:17 PM [error]: AppError: You need to re-authenticate. Please log in. 
2025-11-28 03:18:17 PM [error]: AppError: You need to re-authenticate. Please log in. 
2025-11-28 03:18:17 PM [error]: AppError: You need to re-authenticate. Please log in. 
2025-11-28 03:18:17 PM [error]: AppError: You need to re-authenticate. Please log in. 
2025-11-28 03:18:17 PM [error]: AppError: You need to re-authenticate. Please log in. 
2025-11-28 03:18:17 PM [error]: AppError: You need to re-authenticate. Please log in. 
2025-11-28 03:18:17 PM [error]: AppError: You need to re-authenticate. Please log in. 
2025-11-28 03:18:48 PM [error]: AppError: You need to re-authenticate. Please log in. 
2025-11-28 03:18:50 PM [error]: AppError: You need to re-authenticate. Please log in. 
2025-11-28 04:04:00 PM [error]: Unexpected error during login process 
2025-11-28 04:04:00 PM [error]: AppError: Password is incorrect. Please try again. 
2025-11-28 04:04:03 PM [error]: AppError: You need to re-authenticate. Please log in. 
2025-11-28 04:04:12 PM [error]: Unexpected error during login process 
2025-11-28 04:04:12 PM [error]: AppError: Password is incorrect. Please try again. 
2025-11-28 04:04:13 PM [error]: AppError: You need to re-authenticate. Please log in. 
2025-11-29 03:41:49 PM [error]: AppError: No stock transfer delivery challans found 
2025-11-29 03:41:50 PM [error]: AppError: No stock transfer delivery challans found 
2025-12-02 02:36:41 PM [error]: AppError: You need to re-authenticate. Please log in. 
2025-12-02 03:07:45 PM [error]: AppError: You need to re-authenticate. Please log in. 
2025-12-02 03:07:45 PM [error]: AppError: You need to re-authenticate. Please log in. 
2025-12-02 03:07:45 PM [error]: AppError: You need to re-authenticate. Please log in. 
2025-12-02 03:07:45 PM [error]: AppError: You need to re-authenticate. Please log in. 
2025-12-02 03:20:49 PM [error]: Error occurred while creating labor record 
2025-12-02 03:20:49 PM [error]: Unhandled Error: null value in column "bankName" of relation "bank_details" violates not-null constraint 
2025-12-02 03:20:51 PM [error]: Error occurred while creating labor record 
2025-12-02 03:20:51 PM [error]: Unhandled Error: null value in column "bankName" of relation "bank_details" violates not-null constraint 
2025-12-02 03:20:56 PM [error]: Error occurred while creating labor record 
2025-12-02 03:20:56 PM [error]: Unhandled Error: null value in column "bankName" of relation "bank_details" violates not-null constraint 
2025-12-02 03:22:59 PM [error]: Error occurred while creating labor record 
2025-12-02 03:22:59 PM [error]: Unhandled Error: null value in column "bankName" of relation "bank_details" violates not-null constraint 
2025-12-02 03:25:47 PM [error]: Error occurred while creating labor record 
2025-12-02 03:25:47 PM [error]: Unhandled Error: null value in column "bankName" of relation "bank_details" violates not-null constraint 
2025-12-03 11:27:36 AM [error]: No farmers found 
2025-12-03 11:27:36 AM [error]: AppError: No farmers found 
2025-12-03 11:27:37 AM [error]: No farmers found 
2025-12-03 11:27:37 AM [error]: AppError: No farmers found 
2025-12-03 01:02:59 PM [error]: Error fetching location-company wise stock: column stock.startdate does not exist 
2025-12-03 01:02:59 PM [error]: Unhandled Error: column stock.startdate does not exist 
2025-12-03 03:44:49 PM [error]: Error fetching location-company-product wise stock: Cannot read properties of undefined (reading 'name') 
2025-12-03 03:44:50 PM [error]: Unhandled Error: Cannot read properties of undefined (reading 'name') 
2025-12-03 04:44:53 PM [error]: Error fetching location-company wise stock: column "stock.id" must appear in the GROUP BY clause or be used in an aggregate function 
2025-12-03 04:44:53 PM [error]: Unhandled Error: column "stock.id" must appear in the GROUP BY clause or be used in an aggregate function 
2025-12-03 04:44:56 PM [error]: Error fetching location-company wise stock: column "stock.id" must appear in the GROUP BY clause or be used in an aggregate function 
2025-12-03 04:44:56 PM [error]: Unhandled Error: column "stock.id" must appear in the GROUP BY clause or be used in an aggregate function 
2025-12-03 04:46:25 PM [error]: Error fetching location-company wise stock: column "stock.id" must appear in the GROUP BY clause or be used in an aggregate function 
2025-12-03 04:46:25 PM [error]: Unhandled Error: column "stock.id" must appear in the GROUP BY clause or be used in an aggregate function 
2025-12-04 11:40:29 AM [error]: Error creating challan 
2025-12-04 11:40:29 AM [error]: Unhandled Error: Failed to create Customer Delivery Challan 
2025-12-04 11:40:46 AM [error]: Error creating challan 
2025-12-04 11:40:46 AM [error]: Unhandled Error: Failed to create Customer Delivery Challan 
2025-12-04 11:42:21 AM [error]: Error creating challan 
2025-12-04 11:42:21 AM [error]: Unhandled Error: Failed to create Customer Delivery Challan 
2025-12-04 12:22:35 PM [error]: AppError: No stock transfer delivery challans found 
2025-12-04 12:22:38 PM [error]: AppError: No stock transfer delivery challans found 
2025-12-04 05:14:56 PM [error]: AppError: You need to re-authenticate. Please log in. 
2025-12-04 05:14:56 PM [error]: AppError: You need to re-authenticate. Please log in. 
2025-12-04 05:14:56 PM [error]: AppError: You need to re-authenticate. Please log in. 
2025-12-05 01:01:01 PM [error]: Unhandled Error: controllerLogger_1.ControllerLogger.logDealSlipData is not a function 
2025-12-05 01:01:03 PM [error]: Unhandled Error: controllerLogger_1.ControllerLogger.logDealSlipData is not a function 
2025-12-08 11:21:58 AM [error]: AppError: You need to re-authenticate. Please log in. 
2025-12-08 11:21:58 AM [error]: AppError: You need to re-authenticate. Please log in. 
2025-12-08 11:21:58 AM [error]: AppError: You need to re-authenticate. Please log in. 
2025-12-08 11:21:58 AM [error]: AppError: You need to re-authenticate. Please log in. 
2025-12-08 12:33:11 PM [error]: AppError: You need to re-authenticate. Please log in. 
2025-12-08 12:33:13 PM [error]: AppError: You need to re-authenticate. Please log in. 
2025-12-08 12:33:13 PM [error]: AppError: You need to re-authenticate. Please log in. 
2025-12-08 12:33:13 PM [error]: AppError: You need to re-authenticate. Please log in. 
2025-12-08 12:33:13 PM [error]: AppError: You need to re-authenticate. Please log in. 
2025-12-08 12:33:13 PM [error]: AppError: You need to re-authenticate. Please log in. 
2025-12-08 12:33:13 PM [error]: AppError: You need to re-authenticate. Please log in. 
2025-12-08 12:33:13 PM [error]: AppError: You need to re-authenticate. Please log in. 
2025-12-08 12:33:14 PM [error]: AppError: You need to re-authenticate. Please log in. 
2025-12-08 12:33:14 PM [error]: AppError: You need to re-authenticate. Please log in. 
2025-12-08 12:33:14 PM [error]: AppError: You need to re-authenticate. Please log in. 
2025-12-10 12:09:29 PM [error]: Unhandled Error: Expected ',' or ']' after array element in JSON at position 168 
2025-12-11 10:39:55 AM [error]: AppError: You need to re-authenticate. Please log in. 
2025-12-11 10:39:55 AM [error]: AppError: You need to re-authenticate. Please log in. 
2025-12-11 10:39:55 AM [error]: AppError: You need to re-authenticate. Please log in. 
2025-12-11 10:39:56 AM [error]: AppError: You need to re-authenticate. Please log in. 
2025-12-11 10:39:56 AM [error]: AppError: You need to re-authenticate. Please log in. 
2025-12-11 10:39:56 AM [error]: AppError: You need to re-authenticate. Please log in. 
2025-12-11 10:39:56 AM [error]: AppError: You need to re-authenticate. Please log in. 
2025-12-11 10:39:56 AM [error]: AppError: You need to re-authenticate. Please log in. 
2025-12-11 10:39:56 AM [error]: AppError: You need to re-authenticate. Please log in. 
2025-12-11 10:39:56 AM [error]: AppError: You need to re-authenticate. Please log in. 
2025-12-11 10:39:56 AM [error]: AppError: You need to re-authenticate. Please log in. 
2025-12-12 04:14:47 PM [error]: AppError: You need to re-authenticate. Please log in. 
2025-12-15 10:48:25 AM [error]: AppError: You need to re-authenticate. Please log in. 
2025-12-15 10:48:25 AM [error]: AppError: You need to re-authenticate. Please log in. 
2025-12-15 10:48:25 AM [error]: AppError: You need to re-authenticate. Please log in. 
2025-12-15 10:48:25 AM [error]: AppError: You need to re-authenticate. Please log in. 
2025-12-15 10:48:25 AM [error]: AppError: You need to re-authenticate. Please log in. 
2025-12-15 10:48:25 AM [error]: AppError: You need to re-authenticate. Please log in. 
2025-12-15 10:48:25 AM [error]: AppError: You need to re-authenticate. Please log in. 
2025-12-15 10:48:25 AM [error]: AppError: You need to re-authenticate. Please log in. 
2025-12-15 10:48:25 AM [error]: AppError: You need to re-authenticate. Please log in. 
2025-12-15 10:48:25 AM [error]: AppError: You need to re-authenticate. Please log in. 
2025-12-15 10:48:25 AM [error]: AppError: You need to re-authenticate. Please log in. 
2025-12-15 10:48:25 AM [error]: AppError: You need to re-authenticate. Please log in. 
2025-12-15 10:48:25 AM [error]: AppError: You need to re-authenticate. Please log in. 
2025-12-15 10:48:25 AM [error]: AppError: You need to re-authenticate. Please log in. 
2025-12-15 10:48:25 AM [error]: AppError: You need to re-authenticate. Please log in. 
2025-12-15 10:48:25 AM [error]: AppError: You need to re-authenticate. Please log in. 
2025-12-15 10:48:25 AM [error]: AppError: You need to re-authenticate. Please log in. 
2025-12-15 10:48:25 AM [error]: AppError: You need to re-authenticate. Please log in. 
2025-12-15 10:48:25 AM [error]: AppError: You need to re-authenticate. Please log in. 
2025-12-15 10:48:25 AM [error]: AppError: You need to re-authenticate. Please log in. 
2025-12-15 10:48:25 AM [error]: AppError: You need to re-authenticate. Please log in. 
2025-12-15 10:48:25 AM [error]: AppError: You need to re-authenticate. Please log in. 
2025-12-15 10:48:26 AM [error]: AppError: You need to re-authenticate. Please log in. 
2025-12-15 10:48:26 AM [error]: AppError: You need to re-authenticate. Please log in. 
2025-12-15 10:48:26 AM [error]: AppError: You need to re-authenticate. Please log in. 
2025-12-15 10:48:26 AM [error]: AppError: You need to re-authenticate. Please log in. 
2025-12-15 10:48:26 AM [error]: AppError: You need to re-authenticate. Please log in. 
2025-12-15 10:48:26 AM [error]: AppError: You need to re-authenticate. Please log in. 
2025-12-15 10:48:26 AM [error]: AppError: You need to re-authenticate. Please log in. 
2025-12-15 10:48:26 AM [error]: AppError: You need to re-authenticate. Please log in. 
2025-12-15 10:48:26 AM [error]: AppError: You need to re-authenticate. Please log in. 
2025-12-15 10:48:26 AM [error]: AppError: You need to re-authenticate. Please log in. 
2025-12-15 10:48:26 AM [error]: AppError: You need to re-authenticate. Please log in. 
2025-12-15 10:48:26 AM [error]: AppError: You need to re-authenticate. Please log in. 
2025-12-15 10:48:26 AM [error]: AppError: You need to re-authenticate. Please log in. 
2025-12-15 10:48:26 AM [error]: AppError: You need to re-authenticate. Please log in. 
2025-12-15 10:48:26 AM [error]: AppError: You need to re-authenticate. Please log in. 
2025-12-15 10:48:26 AM [error]: AppError: You need to re-authenticate. Please log in. 
2025-12-15 10:48:26 AM [error]: AppError: You need to re-authenticate. Please log in. 
2025-12-15 10:48:26 AM [error]: AppError: You need to re-authenticate. Please log in. 
2025-12-15 10:48:26 AM [error]: AppError: You need to re-authenticate. Please log in. 
2025-12-15 10:48:26 AM [error]: AppError: You need to re-authenticate. Please log in. 
2025-12-15 10:48:26 AM [error]: AppError: You need to re-authenticate. Please log in. 
2025-12-15 10:48:26 AM [error]: AppError: You need to re-authenticate. Please log in. 
2025-12-15 10:51:10 AM [error]: AppError: You need to re-authenticate. Please log in. 
2025-12-15 10:51:10 AM [error]: AppError: You need to re-authenticate. Please log in. 
2025-12-15 10:51:10 AM [error]: AppError: You need to re-authenticate. Please log in. 
2025-12-15 10:51:10 AM [error]: AppError: You need to re-authenticate. Please log in. 
2025-12-15 10:51:10 AM [error]: AppError: You need to re-authenticate. Please log in. 
2025-12-15 10:51:10 AM [error]: AppError: You need to re-authenticate. Please log in. 
2025-12-15 10:51:10 AM [error]: AppError: You need to re-authenticate. Please log in. 
2025-12-15 10:51:10 AM [error]: AppError: You need to re-authenticate. Please log in. 
2025-12-15 10:51:10 AM [error]: AppError: You need to re-authenticate. Please log in. 
2025-12-15 10:51:10 AM [error]: AppError: You need to re-authenticate. Please log in. 
2025-12-15 10:51:10 AM [error]: AppError: You need to re-authenticate. Please log in. 
2025-12-15 10:51:10 AM [error]: AppError: You need to re-authenticate. Please log in. 
2025-12-15 10:51:10 AM [error]: AppError: You need to re-authenticate. Please log in. 
2025-12-15 10:51:10 AM [error]: AppError: You need to re-authenticate. Please log in. 
2025-12-15 10:51:10 AM [error]: AppError: You need to re-authenticate. Please log in. 
2025-12-15 10:51:10 AM [error]: AppError: You need to re-authenticate. Please log in. 
2025-12-15 10:51:10 AM [error]: AppError: You need to re-authenticate. Please log in. 
2025-12-15 10:51:10 AM [error]: AppError: You need to re-authenticate. Please log in. 
2025-12-15 10:51:10 AM [error]: AppError: You need to re-authenticate. Please log in. 
2025-12-15 10:51:10 AM [error]: AppError: You need to re-authenticate. Please log in. 
2025-12-15 10:51:10 AM [error]: AppError: You need to re-authenticate. Please log in. 
2025-12-15 10:51:10 AM [error]: AppError: You need to re-authenticate. Please log in. 
2025-12-15 10:51:11 AM [error]: AppError: You need to re-authenticate. Please log in. 
2025-12-15 10:51:11 AM [error]: AppError: You need to re-authenticate. Please log in. 
2025-12-15 10:51:11 AM [error]: AppError: You need to re-authenticate. Please log in. 
2025-12-15 10:51:11 AM [error]: AppError: You need to re-authenticate. Please log in. 
2025-12-15 10:51:11 AM [error]: AppError: You need to re-authenticate. Please log in. 
2025-12-15 10:51:11 AM [error]: AppError: You need to re-authenticate. Please log in. 
2025-12-15 10:51:11 AM [error]: AppError: You need to re-authenticate. Please log in. 
2025-12-15 10:51:11 AM [error]: AppError: You need to re-authenticate. Please log in. 
2025-12-15 10:51:11 AM [error]: AppError: You need to re-authenticate. Please log in. 
2025-12-15 10:51:11 AM [error]: AppError: You need to re-authenticate. Please log in. 
2025-12-15 10:51:12 AM [error]: AppError: You need to re-authenticate. Please log in. 
2025-12-15 10:51:12 AM [error]: AppError: You need to re-authenticate. Please log in. 
2025-12-15 10:51:12 AM [error]: AppError: You need to re-authenticate. Please log in. 
2025-12-15 10:51:12 AM [error]: AppError: You need to re-authenticate. Please log in. 
2025-12-15 10:51:12 AM [error]: AppError: You need to re-authenticate. Please log in. 
2025-12-15 10:51:12 AM [error]: AppError: You need to re-authenticate. Please log in. 
2025-12-15 10:51:12 AM [error]: AppError: You need to re-authenticate. Please log in. 
2025-12-15 10:51:12 AM [error]: AppError: You need to re-authenticate. Please log in. 
2025-12-15 10:51:12 AM [error]: AppError: You need to re-authenticate. Please log in. 
2025-12-15 10:51:12 AM [error]: AppError: You need to re-authenticate. Please log in. 
2025-12-15 10:51:12 AM [error]: AppError: You need to re-authenticate. Please log in. 
2025-12-15 10:51:12 AM [error]: AppError: You need to re-authenticate. Please log in. 
2025-12-15 11:04:23 AM [error]: AppError: You need to re-authenticate. Please log in. 
2025-12-15 11:04:23 AM [error]: AppError: You need to re-authenticate. Please log in. 
2025-12-15 11:04:24 AM [error]: AppError: You need to re-authenticate. Please log in. 
2025-12-15 11:04:24 AM [error]: AppError: You need to re-authenticate. Please log in. 
2025-12-15 11:04:24 AM [error]: AppError: You need to re-authenticate. Please log in. 
2025-12-15 11:04:24 AM [error]: AppError: You need to re-authenticate. Please log in. 
2025-12-15 11:04:24 AM [error]: AppError: You need to re-authenticate. Please log in. 
2025-12-15 11:04:24 AM [error]: AppError: You need to re-authenticate. Please log in. 
2025-12-15 11:04:24 AM [error]: AppError: You need to re-authenticate. Please log in. 
2025-12-15 11:04:24 AM [error]: AppError: You need to re-authenticate. Please log in. 
2025-12-15 11:04:24 AM [error]: AppError: You need to re-authenticate. Please log in. 
2025-12-15 11:04:24 AM [error]: AppError: You need to re-authenticate. Please log in. 
2025-12-15 11:04:24 AM [error]: AppError: You need to re-authenticate. Please log in. 
2025-12-15 11:04:24 AM [error]: AppError: You need to re-authenticate. Please log in. 
2025-12-15 11:04:24 AM [error]: AppError: You need to re-authenticate. Please log in. 
2025-12-15 11:04:24 AM [error]: AppError: You need to re-authenticate. Please log in. 
2025-12-15 11:04:24 AM [error]: AppError: You need to re-authenticate. Please log in. 
2025-12-15 11:04:24 AM [error]: AppError: You need to re-authenticate. Please log in. 
2025-12-15 11:04:24 AM [error]: AppError: You need to re-authenticate. Please log in. 
2025-12-15 11:04:24 AM [error]: AppError: You need to re-authenticate. Please log in. 
2025-12-15 11:04:24 AM [error]: AppError: You need to re-authenticate. Please log in. 
2025-12-15 11:04:24 AM [error]: AppError: You need to re-authenticate. Please log in. 
2025-12-15 11:04:25 AM [error]: AppError: You need to re-authenticate. Please log in. 
2025-12-15 11:04:25 AM [error]: AppError: You need to re-authenticate. Please log in. 
2025-12-15 11:04:25 AM [error]: AppError: You need to re-authenticate. Please log in. 
2025-12-15 11:04:25 AM [error]: AppError: You need to re-authenticate. Please log in. 
2025-12-15 11:04:25 AM [error]: AppError: You need to re-authenticate. Please log in. 
2025-12-15 11:04:25 AM [error]: AppError: You need to re-authenticate. Please log in. 
2025-12-15 11:04:25 AM [error]: AppError: You need to re-authenticate. Please log in. 
2025-12-15 11:04:25 AM [error]: AppError: You need to re-authenticate. Please log in. 
2025-12-15 11:04:25 AM [error]: AppError: You need to re-authenticate. Please log in. 
2025-12-15 11:04:25 AM [error]: AppError: You need to re-authenticate. Please log in. 
2025-12-15 11:04:25 AM [error]: AppError: You need to re-authenticate. Please log in. 
2025-12-15 11:04:26 AM [error]: AppError: You need to re-authenticate. Please log in. 
2025-12-15 11:04:26 AM [error]: AppError: You need to re-authenticate. Please log in. 
2025-12-15 11:04:26 AM [error]: AppError: You need to re-authenticate. Please log in. 
2025-12-15 11:04:26 AM [error]: AppError: You need to re-authenticate. Please log in. 
2025-12-15 11:04:26 AM [error]: AppError: You need to re-authenticate. Please log in. 
2025-12-15 11:04:26 AM [error]: AppError: You need to re-authenticate. Please log in. 
2025-12-15 11:04:26 AM [error]: AppError: You need to re-authenticate. Please log in. 
2025-12-15 11:04:26 AM [error]: AppError: You need to re-authenticate. Please log in. 
2025-12-15 11:04:26 AM [error]: AppError: You need to re-authenticate. Please log in. 
2025-12-15 11:04:26 AM [error]: AppError: You need to re-authenticate. Please log in. 
2025-12-15 11:04:26 AM [error]: AppError: You need to re-authenticate. Please log in. 
2025-12-15 11:04:43 AM [error]: AppError: You need to re-authenticate. Please log in. 
2025-12-15 11:04:43 AM [error]: AppError: You need to re-authenticate. Please log in. 
2025-12-15 11:04:43 AM [error]: AppError: You need to re-authenticate. Please log in. 
2025-12-15 11:04:43 AM [error]: AppError: You need to re-authenticate. Please log in. 
2025-12-15 11:04:43 AM [error]: AppError: You need to re-authenticate. Please log in. 
2025-12-15 11:04:43 AM [error]: AppError: You need to re-authenticate. Please log in. 
2025-12-15 11:04:43 AM [error]: AppError: You need to re-authenticate. Please log in. 
2025-12-15 11:04:43 AM [error]: AppError: You need to re-authenticate. Please log in. 
2025-12-15 11:04:43 AM [error]: AppError: You need to re-authenticate. Please log in. 
2025-12-15 11:04:43 AM [error]: AppError: You need to re-authenticate. Please log in. 
2025-12-15 11:04:43 AM [error]: AppError: You need to re-authenticate. Please log in. 
2025-12-15 11:04:43 AM [error]: AppError: You need to re-authenticate. Please log in. 
2025-12-15 11:04:43 AM [error]: AppError: You need to re-authenticate. Please log in. 
2025-12-15 11:04:43 AM [error]: AppError: You need to re-authenticate. Please log in. 
2025-12-15 11:04:43 AM [error]: AppError: You need to re-authenticate. Please log in. 
2025-12-15 11:04:43 AM [error]: AppError: You need to re-authenticate. Please log in. 
2025-12-15 11:04:43 AM [error]: AppError: You need to re-authenticate. Please log in. 
2025-12-15 11:04:43 AM [error]: AppError: You need to re-authenticate. Please log in. 
2025-12-15 11:04:43 AM [error]: AppError: You need to re-authenticate. Please log in. 
2025-12-15 11:04:43 AM [error]: AppError: You need to re-authenticate. Please log in. 
2025-12-15 11:04:43 AM [error]: AppError: You need to re-authenticate. Please log in. 
2025-12-15 11:04:43 AM [error]: AppError: You need to re-authenticate. Please log in. 
2025-12-15 11:04:44 AM [error]: AppError: You need to re-authenticate. Please log in. 
2025-12-15 11:04:44 AM [error]: AppError: You need to re-authenticate. Please log in. 
2025-12-15 11:04:44 AM [error]: AppError: You need to re-authenticate. Please log in. 
2025-12-15 11:04:44 AM [error]: AppError: You need to re-authenticate. Please log in. 
2025-12-15 11:04:44 AM [error]: AppError: You need to re-authenticate. Please log in. 
2025-12-15 11:04:44 AM [error]: AppError: You need to re-authenticate. Please log in. 
2025-12-15 11:04:44 AM [error]: AppError: You need to re-authenticate. Please log in. 
2025-12-15 11:04:44 AM [error]: AppError: You need to re-authenticate. Please log in. 
2025-12-15 11:04:44 AM [error]: AppError: You need to re-authenticate. Please log in. 
2025-12-15 11:04:44 AM [error]: AppError: You need to re-authenticate. Please log in. 
2025-12-15 11:04:44 AM [error]: AppError: You need to re-authenticate. Please log in. 
2025-12-15 11:04:44 AM [error]: AppError: You need to re-authenticate. Please log in. 
2025-12-15 11:04:44 AM [error]: AppError: You need to re-authenticate. Please log in. 
2025-12-15 11:04:44 AM [error]: AppError: You need to re-authenticate. Please log in. 
2025-12-15 11:04:44 AM [error]: AppError: You need to re-authenticate. Please log in. 
2025-12-15 11:04:44 AM [error]: AppError: You need to re-authenticate. Please log in. 
2025-12-15 11:04:44 AM [error]: AppError: You need to re-authenticate. Please log in. 
2025-12-15 11:04:44 AM [error]: AppError: You need to re-authenticate. Please log in. 
2025-12-15 11:04:44 AM [error]: AppError: You need to re-authenticate. Please log in. 
2025-12-15 11:04:44 AM [error]: AppError: You need to re-authenticate. Please log in. 
2025-12-15 11:04:44 AM [error]: AppError: You need to re-authenticate. Please log in. 
2025-12-15 11:04:44 AM [error]: AppError: You need to re-authenticate. Please log in. 
2025-12-15 11:42:31 AM [error]: AppError: You need to re-authenticate. Please log in. 
2025-12-15 11:42:31 AM [error]: AppError: You need to re-authenticate. Please log in. 
2025-12-15 11:42:31 AM [error]: AppError: You need to re-authenticate. Please log in. 
2025-12-15 11:42:31 AM [error]: AppError: You need to re-authenticate. Please log in. 
2025-12-15 11:42:31 AM [error]: AppError: You need to re-authenticate. Please log in. 
2025-12-15 11:42:31 AM [error]: AppError: You need to re-authenticate. Please log in. 
2025-12-15 11:42:31 AM [error]: AppError: You need to re-authenticate. Please log in. 
2025-12-15 11:42:31 AM [error]: AppError: You need to re-authenticate. Please log in. 
2025-12-15 11:42:31 AM [error]: AppError: You need to re-authenticate. Please log in. 
2025-12-15 11:42:31 AM [error]: AppError: You need to re-authenticate. Please log in. 
2025-12-15 11:42:31 AM [error]: AppError: You need to re-authenticate. Please log in. 
2025-12-15 11:42:31 AM [error]: AppError: You need to re-authenticate. Please log in. 
2025-12-15 11:42:31 AM [error]: AppError: You need to re-authenticate. Please log in. 
2025-12-15 11:42:31 AM [error]: AppError: You need to re-authenticate. Please log in. 
2025-12-15 11:42:31 AM [error]: AppError: You need to re-authenticate. Please log in. 
2025-12-15 11:42:31 AM [error]: AppError: You need to re-authenticate. Please log in. 
2025-12-15 11:42:31 AM [error]: AppError: You need to re-authenticate. Please log in. 
2025-12-15 11:42:32 AM [error]: AppError: You need to re-authenticate. Please log in. 
2025-12-15 11:42:32 AM [error]: AppError: You need to re-authenticate. Please log in. 
2025-12-15 11:42:32 AM [error]: AppError: You need to re-authenticate. Please log in. 
2025-12-15 11:42:32 AM [error]: AppError: You need to re-authenticate. Please log in. 
2025-12-15 11:42:32 AM [error]: AppError: You need to re-authenticate. Please log in. 
2025-12-15 11:42:32 AM [error]: AppError: You need to re-authenticate. Please log in. 
2025-12-15 11:42:32 AM [error]: AppError: You need to re-authenticate. Please log in. 
2025-12-15 11:42:32 AM [error]: AppError: You need to re-authenticate. Please log in. 
2025-12-15 11:42:32 AM [error]: AppError: You need to re-authenticate. Please log in. 
2025-12-15 11:42:32 AM [error]: AppError: You need to re-authenticate. Please log in. 
2025-12-15 11:42:32 AM [error]: AppError: You need to re-authenticate. Please log in. 
2025-12-15 11:42:32 AM [error]: AppError: You need to re-authenticate. Please log in. 
2025-12-15 11:42:32 AM [error]: AppError: You need to re-authenticate. Please log in. 
2025-12-15 11:42:32 AM [error]: AppError: You need to re-authenticate. Please log in. 
2025-12-15 11:42:32 AM [error]: AppError: You need to re-authenticate. Please log in. 
2025-12-15 11:42:32 AM [error]: AppError: You need to re-authenticate. Please log in. 
2025-12-15 11:42:32 AM [error]: AppError: You need to re-authenticate. Please log in. 
2025-12-15 11:42:33 AM [error]: AppError: You need to re-authenticate. Please log in. 
2025-12-15 11:42:33 AM [error]: AppError: You need to re-authenticate. Please log in. 
2025-12-15 11:42:33 AM [error]: AppError: You need to re-authenticate. Please log in. 
2025-12-15 11:42:33 AM [error]: AppError: You need to re-authenticate. Please log in. 
2025-12-15 11:42:33 AM [error]: AppError: You need to re-authenticate. Please log in. 
2025-12-15 11:42:33 AM [error]: AppError: You need to re-authenticate. Please log in. 
2025-12-15 11:42:35 AM [error]: AppError: You need to re-authenticate. Please log in. 
2025-12-15 11:42:35 AM [error]: AppError: You need to re-authenticate. Please log in. 
2025-12-15 11:42:35 AM [error]: AppError: You need to re-authenticate. Please log in. 
2025-12-15 11:42:35 AM [error]: AppError: You need to re-authenticate. Please log in. 
2025-12-15 11:46:05 AM [error]: AppError: You need to re-authenticate. Please log in. 
2025-12-15 11:46:05 AM [error]: AppError: You need to re-authenticate. Please log in. 
2025-12-15 11:46:05 AM [error]: AppError: You need to re-authenticate. Please log in. 
2025-12-15 11:46:05 AM [error]: AppError: You need to re-authenticate. Please log in. 
2025-12-15 11:46:05 AM [error]: AppError: You need to re-authenticate. Please log in. 
2025-12-15 11:46:05 AM [error]: AppError: You need to re-authenticate. Please log in. 
2025-12-15 11:46:05 AM [error]: AppError: You need to re-authenticate. Please log in. 
2025-12-15 11:46:05 AM [error]: AppError: You need to re-authenticate. Please log in. 
2025-12-15 11:46:06 AM [error]: AppError: You need to re-authenticate. Please log in. 
2025-12-15 11:46:06 AM [error]: AppError: You need to re-authenticate. Please log in. 
2025-12-15 11:46:06 AM [error]: AppError: You need to re-authenticate. Please log in. 
2025-12-15 11:46:06 AM [error]: AppError: You need to re-authenticate. Please log in. 
2025-12-15 11:46:06 AM [error]: AppError: You need to re-authenticate. Please log in. 
2025-12-15 11:46:06 AM [error]: AppError: You need to re-authenticate. Please log in. 
2025-12-15 11:46:06 AM [error]: AppError: You need to re-authenticate. Please log in. 
2025-12-15 11:46:06 AM [error]: AppError: You need to re-authenticate. Please log in. 
2025-12-15 11:46:06 AM [error]: AppError: You need to re-authenticate. Please log in. 
2025-12-15 11:46:06 AM [error]: AppError: You need to re-authenticate. Please log in. 
2025-12-15 11:46:06 AM [error]: AppError: You need to re-authenticate. Please log in. 
2025-12-15 11:46:07 AM [error]: AppError: You need to re-authenticate. Please log in. 
2025-12-15 11:46:07 AM [error]: AppError: You need to re-authenticate. Please log in. 
2025-12-15 11:46:07 AM [error]: AppError: You need to re-authenticate. Please log in. 
2025-12-15 11:46:08 AM [error]: AppError: You need to re-authenticate. Please log in. 
2025-12-15 11:46:08 AM [error]: AppError: You need to re-authenticate. Please log in. 
2025-12-15 11:46:08 AM [error]: AppError: You need to re-authenticate. Please log in. 
2025-12-15 11:46:08 AM [error]: AppError: You need to re-authenticate. Please log in. 
2025-12-15 11:46:08 AM [error]: AppError: You need to re-authenticate. Please log in. 
2025-12-15 11:46:08 AM [error]: AppError: You need to re-authenticate. Please log in. 
2025-12-15 11:46:08 AM [error]: AppError: You need to re-authenticate. Please log in. 
2025-12-15 11:46:08 AM [error]: AppError: You need to re-authenticate. Please log in. 
2025-12-15 11:46:08 AM [error]: AppError: You need to re-authenticate. Please log in. 
2025-12-15 11:46:08 AM [error]: AppError: You need to re-authenticate. Please log in. 
2025-12-15 11:46:08 AM [error]: AppError: You need to re-authenticate. Please log in. 
2025-12-15 11:46:08 AM [error]: AppError: You need to re-authenticate. Please log in. 
2025-12-15 11:46:08 AM [error]: AppError: You need to re-authenticate. Please log in. 
2025-12-15 11:46:08 AM [error]: AppError: You need to re-authenticate. Please log in. 
2025-12-15 11:46:08 AM [error]: AppError: You need to re-authenticate. Please log in. 
2025-12-15 11:46:08 AM [error]: AppError: You need to re-authenticate. Please log in. 
2025-12-15 11:46:08 AM [error]: AppError: You need to re-authenticate. Please log in. 
2025-12-15 11:46:08 AM [error]: AppError: You need to re-authenticate. Please log in. 
2025-12-15 11:46:08 AM [error]: AppError: You need to re-authenticate. Please log in. 
2025-12-15 11:46:08 AM [error]: AppError: You need to re-authenticate. Please log in. 
2025-12-15 11:46:08 AM [error]: AppError: You need to re-authenticate. Please log in. 
2025-12-15 11:46:08 AM [error]: AppError: You need to re-authenticate. Please log in. 
2025-12-15 11:46:41 AM [error]: AppError: You need to re-authenticate. Please log in. 
2025-12-15 11:46:41 AM [error]: AppError: You need to re-authenticate. Please log in. 
2025-12-15 11:46:42 AM [error]: AppError: You need to re-authenticate. Please log in. 
2025-12-15 11:46:42 AM [error]: AppError: You need to re-authenticate. Please log in. 
2025-12-15 11:46:47 AM [error]: AppError: You need to re-authenticate. Please log in. 
2025-12-15 11:46:47 AM [error]: AppError: You need to re-authenticate. Please log in. 
2025-12-15 11:46:47 AM [error]: AppError: You need to re-authenticate. Please log in. 
2025-12-15 11:46:47 AM [error]: AppError: You need to re-authenticate. Please log in. 
2025-12-15 11:46:47 AM [error]: AppError: You need to re-authenticate. Please log in. 
2025-12-15 11:46:47 AM [error]: AppError: You need to re-authenticate. Please log in. 
2025-12-15 11:46:47 AM [error]: AppError: You need to re-authenticate. Please log in. 
2025-12-15 11:46:47 AM [error]: AppError: You need to re-authenticate. Please log in. 
2025-12-15 11:46:47 AM [error]: AppError: You need to re-authenticate. Please log in. 
2025-12-15 11:46:47 AM [error]: AppError: You need to re-authenticate. Please log in. 
2025-12-15 11:46:48 AM [error]: AppError: You need to re-authenticate. Please log in. 
2025-12-15 11:46:48 AM [error]: AppError: You need to re-authenticate. Please log in. 
2025-12-15 11:50:55 AM [error]: Unhandled Error: Unexpected token 's', ..."partment":sale
    "... is not valid JSON 
2025-12-15 01:03:44 PM [error]: AppError: You need to re-authenticate. Please log in. 
2025-12-15 02:14:11 PM [error]: AppError: You need to re-authenticate. Please log in. 
2025-12-15 02:14:11 PM [error]: AppError: You need to re-authenticate. Please log in. 
2025-12-15 02:14:11 PM [error]: AppError: You need to re-authenticate. Please log in. 
2025-12-15 02:14:11 PM [error]: AppError: You need to re-authenticate. Please log in. 
2025-12-15 02:14:11 PM [error]: AppError: You need to re-authenticate. Please log in. 
2025-12-15 02:14:11 PM [error]: AppError: You need to re-authenticate. Please log in. 
2025-12-15 02:14:11 PM [error]: AppError: You need to re-authenticate. Please log in. 
2025-12-15 02:14:11 PM [error]: AppError: You need to re-authenticate. Please log in. 
2025-12-15 02:14:11 PM [error]: AppError: You need to re-authenticate. Please log in. 
2025-12-15 02:14:11 PM [error]: AppError: You need to re-authenticate. Please log in. 
2025-12-15 02:14:11 PM [error]: AppError: You need to re-authenticate. Please log in. 
2025-12-18 05:05:54 PM [error]: AppError: You need to re-authenticate. Please log in. 
2025-12-18 05:06:44 PM [error]: AppError: You need to re-authenticate. Please log in. 
2025-12-18 05:06:44 PM [error]: AppError: You need to re-authenticate. Please log in. 
2025-12-18 05:06:44 PM [error]: AppError: You need to re-authenticate. Please log in. 
2025-12-18 05:06:44 PM [error]: AppError: You need to re-authenticate. Please log in. 
2025-12-18 05:06:45 PM [error]: AppError: You need to re-authenticate. Please log in. 
2025-12-18 05:06:45 PM [error]: AppError: You need to re-authenticate. Please log in. 
2025-12-18 05:06:45 PM [error]: AppError: You need to re-authenticate. Please log in. 
2025-12-18 05:06:45 PM [error]: AppError: You need to re-authenticate. Please log in. 
2025-12-18 05:06:46 PM [error]: AppError: You need to re-authenticate. Please log in. 
2025-12-18 05:06:46 PM [error]: AppError: You need to re-authenticate. Please log in. 
2025-12-18 05:06:46 PM [error]: AppError: You need to re-authenticate. Please log in. 
2025-12-18 05:06:46 PM [error]: AppError: You need to re-authenticate. Please log in. 
2025-12-18 05:06:46 PM [error]: AppError: You need to re-authenticate. Please log in. 
2025-12-18 05:06:46 PM [error]: AppError: You need to re-authenticate. Please log in. 
2025-12-18 05:06:46 PM [error]: AppError: You need to re-authenticate. Please log in. 
2025-12-18 05:06:46 PM [error]: AppError: You need to re-authenticate. Please log in. 
2025-12-18 05:06:54 PM [error]: AppError: You need to re-authenticate. Please log in. 
2025-12-18 05:06:54 PM [error]: AppError: You need to re-authenticate. Please log in. 
2025-12-18 05:06:54 PM [error]: AppError: You need to re-authenticate. Please log in. 
2025-12-18 05:06:54 PM [error]: AppError: You need to re-authenticate. Please log in. 
2025-12-18 05:06:54 PM [error]: AppError: You need to re-authenticate. Please log in. 
2025-12-18 05:06:54 PM [error]: AppError: You need to re-authenticate. Please log in. 
2025-12-18 05:06:55 PM [error]: AppError: You need to re-authenticate. Please log in. 
2025-12-18 05:06:55 PM [error]: AppError: You need to re-authenticate. Please log in. 
2025-12-18 05:06:55 PM [error]: AppError: You need to re-authenticate. Please log in. 
2025-12-18 05:06:55 PM [error]: AppError: You need to re-authenticate. Please log in. 
2025-12-18 05:06:55 PM [error]: AppError: You need to re-authenticate. Please log in. 
2025-12-18 05:06:56 PM [error]: AppError: You need to re-authenticate. Please log in. 
2025-12-22 12:45:08 PM [error]: AppError: You need to re-authenticate. Please log in. 
2025-12-22 02:31:19 PM [error]: Error starting the server: Entity metadata for ProcurementTargetWeek#productTarget was not found. Check if you specified a correct entity object and if it's connected in the connection options. 
2025-12-22 02:34:25 PM [error]: Error starting the server: Entity metadata for ProcurementTargetWeek#productTarget was not found. Check if you specified a correct entity object and if it's connected in the connection options. 
2025-12-22 02:35:18 PM [error]: Error starting the server: Entity metadata for ProcurementTargetWeek#productTarget was not found. Check if you specified a correct entity object and if it's connected in the connection options. 
2025-12-22 02:36:00 PM [error]: Error starting the server: Entity metadata for ProcurementTargetWeek#productTarget was not found. Check if you specified a correct entity object and if it's connected in the connection options. 
2025-12-22 02:36:48 PM [error]: Error starting the server: Entity metadata for ProcurementTargetWeek#productTarget was not found. Check if you specified a correct entity object and if it's connected in the connection options. 
2025-12-22 02:38:22 PM [error]: Error starting the server: Entity metadata for ProcurementTarget#products was not found. Check if you specified a correct entity object and if it's connected in the connection options. 
2025-12-22 03:59:15 PM [error]: Error starting the server: Entity metadata for ProcurementTarget#products was not found. Check if you specified a correct entity object and if it's connected in the connection options. 
2025-12-23 03:47:54 PM [error]: AppError: You need to re-authenticate. Please log in. 
2025-12-26 11:53:55 AM [error]: Error starting the server: No matching bindings found for serviceIdentifier: Symbol(ReportingManagersRepository) 
2025-12-27 10:39:23 AM [error]: AppError: You need to re-authenticate. Please log in. 
2025-12-27 10:39:23 AM [error]: AppError: You need to re-authenticate. Please log in. 
2025-12-27 04:36:38 PM [error]: Error creating procurement target Cannot read properties of undefined (reading 'map') 
2025-12-27 04:36:38 PM [error]: Unhandled Error: Cannot read properties of undefined (reading 'map') 
2025-12-27 04:37:13 PM [error]: Error creating procurement target Cannot read properties of undefined (reading 'map') 
2025-12-27 04:37:13 PM [error]: Unhandled Error: Cannot read properties of undefined (reading 'map') 
2025-12-27 04:37:18 PM [error]: Error creating procurement target Cannot read properties of undefined (reading 'map') 
2025-12-27 04:37:18 PM [error]: Unhandled Error: Cannot read properties of undefined (reading 'map') 
2025-12-27 04:38:55 PM [error]: Error creating procurement target Cannot read properties of undefined (reading 'map') 
2025-12-27 04:38:55 PM [error]: Unhandled Error: Cannot read properties of undefined (reading 'map') 
2025-12-27 05:11:40 PM [error]: Unhandled Error: Cannot read properties of undefined (reading 'access_token') 
2025-12-27 05:19:47 PM [error]: Error fetching all procurement targets target.startDate.getFullYear is not a function 
2025-12-27 05:19:47 PM [error]: Unhandled Error: target.startDate.getFullYear is not a function 
2025-12-29 10:45:10 AM [error]: Error fetching all procurement targets target.startDate.getFullYear is not a function 
2025-12-29 10:45:10 AM [error]: Unhandled Error: target.startDate.getFullYear is not a function 
2025-12-29 11:05:29 AM [error]: Unhandled Error: Cannot read properties of undefined (reading 'access_token') 
2025-12-29 11:06:52 AM [error]: AppError: You need to re-authenticate. Please log in. 
2025-12-30 11:58:47 AM [error]: AppError: You need to re-authenticate. Please log in. 
2025-12-30 11:58:47 AM [error]: AppError: You need to re-authenticate. Please log in. 
2025-12-30 02:55:36 PM [error]: AppError: You need to re-authenticate. Please log in. 
2025-12-30 02:55:41 PM [error]: AppError: You need to re-authenticate. Please log in. 
2025-12-30 02:55:41 PM [error]: AppError: You need to re-authenticate. Please log in. 
2025-12-30 02:55:41 PM [error]: AppError: You need to re-authenticate. Please log in. 
2025-12-30 02:55:41 PM [error]: AppError: You need to re-authenticate. Please log in. 
2025-12-30 02:55:41 PM [error]: AppError: You need to re-authenticate. Please log in. 
2025-12-30 02:55:41 PM [error]: AppError: You need to re-authenticate. Please log in. 
2025-12-30 02:55:41 PM [error]: AppError: You need to re-authenticate. Please log in. 
2025-12-30 02:55:41 PM [error]: AppError: You need to re-authenticate. Please log in. 
2025-12-30 02:55:41 PM [error]: AppError: You need to re-authenticate. Please log in. 
2025-12-30 02:55:41 PM [error]: AppError: You need to re-authenticate. Please log in. 
2025-12-30 02:55:41 PM [error]: AppError: You need to re-authenticate. Please log in. 
2025-12-30 04:07:03 PM [error]: Unhandled Error: Cannot read properties of undefined (reading 'access_token') 
2026-01-02 10:56:16 AM [error]: AppError: You need to re-authenticate. Please log in. 
2026-01-02 10:56:17 AM [error]: AppError: You need to re-authenticate. Please log in. 
2026-01-02 10:56:17 AM [error]: AppError: You need to re-authenticate. Please log in. 
2026-01-02 10:56:17 AM [error]: AppError: You need to re-authenticate. Please log in. 
2026-01-02 10:56:17 AM [error]: AppError: You need to re-authenticate. Please log in. 
2026-01-02 10:56:17 AM [error]: AppError: You need to re-authenticate. Please log in. 
2026-01-02 10:56:17 AM [error]: AppError: You need to re-authenticate. Please log in. 
2026-01-02 10:56:17 AM [error]: AppError: You need to re-authenticate. Please log in. 
2026-01-02 10:56:17 AM [error]: AppError: You need to re-authenticate. Please log in. 
2026-01-02 10:56:17 AM [error]: AppError: You need to re-authenticate. Please log in. 
2026-01-02 10:56:17 AM [error]: AppError: You need to re-authenticate. Please log in. 
2026-01-02 10:58:44 AM [error]: Unhandled Error: CORS blocked: http://192.168.1.60:5173 
2026-01-02 10:58:44 AM [error]: Unhandled Error: CORS blocked: http://192.168.1.60:5173 
2026-01-02 10:58:44 AM [error]: Unhandled Error: CORS blocked: http://192.168.1.60:5173 
2026-01-02 10:58:44 AM [error]: Unhandled Error: CORS blocked: http://192.168.1.60:5173 
2026-01-02 10:58:44 AM [error]: Unhandled Error: CORS blocked: http://192.168.1.60:5173 
2026-01-02 10:58:44 AM [error]: Unhandled Error: CORS blocked: http://192.168.1.60:5173 
2026-01-02 10:58:44 AM [error]: Unhandled Error: CORS blocked: http://192.168.1.60:5173 
2026-01-02 10:58:44 AM [error]: Unhandled Error: CORS blocked: http://192.168.1.60:5173 
2026-01-02 10:58:44 AM [error]: Unhandled Error: CORS blocked: http://192.168.1.60:5173 
2026-01-02 10:58:44 AM [error]: Unhandled Error: CORS blocked: http://192.168.1.60:5173 
2026-01-02 10:58:44 AM [error]: Unhandled Error: CORS blocked: http://192.168.1.60:5173 
2026-01-02 10:58:45 AM [error]: Unhandled Error: CORS blocked: http://192.168.1.60:5173 
2026-01-02 10:58:45 AM [error]: Unhandled Error: CORS blocked: http://192.168.1.60:5173 
2026-01-02 10:58:45 AM [error]: Unhandled Error: CORS blocked: http://192.168.1.60:5173 
2026-01-02 10:58:45 AM [error]: Unhandled Error: CORS blocked: http://192.168.1.60:5173 
2026-01-02 10:58:46 AM [error]: Unhandled Error: CORS blocked: http://192.168.1.60:5173 
2026-01-02 10:58:46 AM [error]: Unhandled Error: CORS blocked: http://192.168.1.60:5173 
2026-01-02 10:58:46 AM [error]: Unhandled Error: CORS blocked: http://192.168.1.60:5173 
2026-01-02 10:58:46 AM [error]: Unhandled Error: CORS blocked: http://192.168.1.60:5173 
2026-01-02 10:58:46 AM [error]: Unhandled Error: CORS blocked: http://192.168.1.60:5173 
2026-01-02 10:58:46 AM [error]: Unhandled Error: CORS blocked: http://192.168.1.60:5173 
2026-01-02 10:58:46 AM [error]: Unhandled Error: CORS blocked: http://192.168.1.60:5173 
2026-01-02 01:00:18 PM [error]: AppError: You need to re-authenticate. Please log in. 
2026-01-02 01:00:18 PM [error]: AppError: You need to re-authenticate. Please log in. 
2026-01-02 01:00:18 PM [error]: AppError: You need to re-authenticate. Please log in. 
2026-01-02 01:00:18 PM [error]: AppError: You need to re-authenticate. Please log in. 
2026-01-02 01:00:18 PM [error]: AppError: You need to re-authenticate. Please log in. 
2026-01-02 01:00:18 PM [error]: AppError: You need to re-authenticate. Please log in. 
2026-01-02 01:00:18 PM [error]: AppError: You need to re-authenticate. Please log in. 
2026-01-02 01:00:18 PM [error]: AppError: You need to re-authenticate. Please log in. 
2026-01-02 01:00:18 PM [error]: AppError: You need to re-authenticate. Please log in. 
2026-01-02 01:00:18 PM [error]: AppError: You need to re-authenticate. Please log in. 
2026-01-02 01:00:18 PM [error]: AppError: You need to re-authenticate. Please log in. 
2026-01-02 01:00:18 PM [error]: AppError: You need to re-authenticate. Please log in. 
2026-01-02 01:00:19 PM [error]: AppError: You need to re-authenticate. Please log in. 
2026-01-02 01:00:19 PM [error]: AppError: You need to re-authenticate. Please log in. 
2026-01-02 01:00:19 PM [error]: AppError: You need to re-authenticate. Please log in. 
2026-01-02 01:00:19 PM [error]: AppError: You need to re-authenticate. Please log in. 
2026-01-02 01:00:19 PM [error]: AppError: You need to re-authenticate. Please log in. 
2026-01-02 01:00:19 PM [error]: AppError: You need to re-authenticate. Please log in. 
2026-01-02 01:00:19 PM [error]: AppError: You need to re-authenticate. Please log in. 
2026-01-02 01:00:19 PM [error]: AppError: You need to re-authenticate. Please log in. 
2026-01-02 01:00:19 PM [error]: AppError: You need to re-authenticate. Please log in. 
2026-01-02 01:00:19 PM [error]: AppError: You need to re-authenticate. Please log in. 
2026-01-02 01:00:19 PM [error]: AppError: You need to re-authenticate. Please log in. 
2026-01-02 01:00:19 PM [error]: AppError: You need to re-authenticate. Please log in. 
2026-01-02 01:00:19 PM [error]: AppError: You need to re-authenticate. Please log in. 
2026-01-02 01:00:21 PM [error]: AppError: You need to re-authenticate. Please log in. 
2026-01-02 01:00:21 PM [error]: AppError: You need to re-authenticate. Please log in. 
2026-01-02 01:00:21 PM [error]: AppError: You need to re-authenticate. Please log in. 
2026-01-02 01:00:21 PM [error]: AppError: You need to re-authenticate. Please log in. 
2026-01-02 01:00:21 PM [error]: AppError: You need to re-authenticate. Please log in. 
2026-01-02 01:00:21 PM [error]: AppError: You need to re-authenticate. Please log in. 
2026-01-02 01:00:21 PM [error]: AppError: You need to re-authenticate. Please log in. 
2026-01-02 01:00:21 PM [error]: AppError: You need to re-authenticate. Please log in. 
2026-01-02 01:00:21 PM [error]: AppError: You need to re-authenticate. Please log in. 
2026-01-02 01:00:21 PM [error]: AppError: You need to re-authenticate. Please log in. 
2026-01-02 01:00:22 PM [error]: AppError: You need to re-authenticate. Please log in. 
2026-01-02 01:00:22 PM [error]: AppError: You need to re-authenticate. Please log in. 
2026-01-02 01:00:22 PM [error]: AppError: You need to re-authenticate. Please log in. 
2026-01-02 01:00:22 PM [error]: AppError: You need to re-authenticate. Please log in. 
2026-01-02 01:00:22 PM [error]: AppError: You need to re-authenticate. Please log in. 
2026-01-02 01:00:22 PM [error]: AppError: You need to re-authenticate. Please log in. 
2026-01-02 01:00:22 PM [error]: AppError: You need to re-authenticate. Please log in. 
2026-01-02 01:00:22 PM [error]: AppError: You need to re-authenticate. Please log in. 
2026-01-02 01:00:22 PM [error]: AppError: You need to re-authenticate. Please log in. 
2026-01-02 01:00:27 PM [error]: AppError: You need to re-authenticate. Please log in. 
2026-01-02 01:00:27 PM [error]: AppError: You need to re-authenticate. Please log in. 
2026-01-02 01:00:28 PM [error]: AppError: You need to re-authenticate. Please log in. 
2026-01-02 01:00:28 PM [error]: AppError: You need to re-authenticate. Please log in. 
2026-01-02 03:04:02 PM [error]: Error generating monthly plan Excel EBUSY: resource busy or locked, open 'C:\Users\Admin\OneDrive\Desktop\kiro-optimization\3augPrimeFresh - Copy\exports\monthly-plans\Sales_Target_5ee452e5-ba4e-4176-be0f-ac707a6cabb0_2026-01-02.xlsx' 
2026-01-02 03:07:04 PM [error]: Error generating monthly plan Excel EBUSY: resource busy or locked, open 'C:\Users\Admin\OneDrive\Desktop\kiro-optimization\3augPrimeFresh - Copy\exports\monthly-plans\Sales_Target_5ee452e5-ba4e-4176-be0f-ac707a6cabb0_2026-01-02.xlsx' 
2026-01-02 03:08:33 PM [error]: Error generating monthly plan Excel EBUSY: resource busy or locked, open 'C:\Users\Admin\OneDrive\Desktop\kiro-optimization\3augPrimeFresh - Copy\exports\monthly-plans\Sales_Target_5ee452e5-ba4e-4176-be0f-ac707a6cabb0_2026-01-02.xlsx' 
2026-01-05 10:21:15 AM [error]: AppError: You need to re-authenticate. Please log in. 
2026-01-05 12:31:14 PM [error]: Error starting the server: 
2026-01-05 12:34:29 PM [error]: Error starting the server: 
2026-01-05 01:05:29 PM [error]: Error starting the server: 
2026-01-06 09:59:55 AM [error]: Unhandled Error: Cannot read properties of undefined (reading 'access_token') 
2026-01-06 10:16:08 AM [error]: Unhandled Error: Cannot read properties of undefined (reading 'access_token') 
2026-01-06 10:16:08 AM [error]: Unhandled Error: Cannot read properties of undefined (reading 'access_token') 
2026-01-06 10:16:10 AM [error]: Unhandled Error: Cannot read properties of undefined (reading 'access_token') 
2026-01-06 10:16:11 AM [error]: Unhandled Error: Cannot read properties of undefined (reading 'access_token') 
2026-01-06 10:18:26 AM [error]: Error generating monthly plan Excel invalid input syntax for type uuid: "5ee452e5-ba4e-4176-be0f-ac707a6cabb" 
2026-01-06 10:18:46 AM [error]: Error generating monthly plan Excel invalid input syntax for type uuid: "5ee452e5-ba4e-4176-be0f-ac707a6cabb" 
2026-01-06 10:47:10 AM [error]: Unhandled Error: Cannot read properties of undefined (reading 'access_token') 
2026-01-06 10:48:14 AM [error]: Uncaught Exception: listen EADDRINUSE: address already in use :::8004 
2026-01-06 10:49:09 AM [error]: Uncaught Exception: listen EADDRINUSE: address already in use :::8004 
2026-01-06 11:21:50 AM [error]: Unhandled Error: Cannot read properties of undefined (reading 'access_token') 
2026-01-06 11:41:53 AM [error]: Error generating monthly plan Excel invalid input syntax for type uuid: "5ee452e5-ba4e-4176-be0f-ac707a6cabb" 
2026-01-06 11:42:13 AM [error]: Error generating monthly plan Excel invalid input syntax for type uuid: "5ee452e5-ba4e-4176-be0f-ac707a6cabb" 
2026-01-06 11:42:36 AM [error]: Error generating monthly plan Excel invalid input syntax for type uuid: "5ee452e5-ba4e-4176-be0f-ac707a6cabb" 
2026-01-06 11:42:39 AM [error]: Error generating monthly plan Excel invalid input syntax for type uuid: "5ee452e5-ba4e-4176-be0f-ac707a6cabb" 
2026-01-06 12:52:45 PM [error]: AppError: You need to re-authenticate. Please log in. 
2026-01-06 12:53:06 PM [error]: Error creating procurement target Target already exists for this period 
2026-01-06 12:53:06 PM [error]: Unhandled Error: Target already exists for this period 
2026-01-06 12:53:08 PM [error]: Error creating procurement target Target already exists for this period 
2026-01-06 12:53:08 PM [error]: Unhandled Error: Target already exists for this period 
2026-01-06 01:13:17 PM [error]: AppError: You need to re-authenticate. Please log in. 
2026-01-06 01:13:24 PM [error]: AppError: You need to re-authenticate. Please log in. 
2026-01-06 02:06:34 PM [error]: Error fetching all procurement targets target.startDate.getFullYear is not a function 
2026-01-06 02:06:34 PM [error]: Unhandled Error: target.startDate.getFullYear is not a function 
2026-01-06 02:09:14 PM [error]: Error fetching all procurement targets target.startDate.getFullYear is not a function 
2026-01-06 02:09:14 PM [error]: Unhandled Error: target.startDate.getFullYear is not a function 
2026-01-06 02:23:57 PM [error]: AppError: You need to re-authenticate. Please log in. 
2026-01-06 02:24:27 PM [error]: Error fetching all sales targets AppDataSource is not defined 
2026-01-06 02:24:27 PM [error]: Unhandled Error: AppDataSource is not defined 
2026-01-06 02:32:18 PM [error]: AppError: You need to re-authenticate. Please log in. 
2026-01-06 02:32:18 PM [error]: AppError: You need to re-authenticate. Please log in. 
2026-01-06 02:32:18 PM [error]: AppError: You need to re-authenticate. Please log in. 
2026-01-06 02:32:18 PM [error]: AppError: You need to re-authenticate. Please log in. 
2026-01-06 02:32:18 PM [error]: AppError: You need to re-authenticate. Please log in. 
2026-01-06 02:32:18 PM [error]: AppError: You need to re-authenticate. Please log in. 
2026-01-06 02:32:18 PM [error]: AppError: You need to re-authenticate. Please log in. 
2026-01-06 02:32:18 PM [error]: AppError: You need to re-authenticate. Please log in. 
2026-01-06 02:32:18 PM [error]: AppError: You need to re-authenticate. Please log in. 
2026-01-06 02:32:18 PM [error]: AppError: You need to re-authenticate. Please log in. 
2026-01-06 03:20:07 PM [error]: AppError: You need to re-authenticate. Please log in. 
2026-01-06 03:20:07 PM [error]: AppError: You need to re-authenticate. Please log in. 
2026-01-06 03:24:28 PM [error]: Error generating monthly plan Excel invalid input syntax for type uuid: "badam" 
2026-01-06 03:25:45 PM [error]: Error generating view plan Excel invalid input syntax for type uuid: "badam" 
2026-01-06 03:46:41 PM [error]: Unhandled Error: Cannot read properties of undefined (reading 'access_token') 
2026-01-07 12:08:34 PM [error]: Error starting the server: column "createdby_id" of relation "procurement_targets" contains null values 
2026-01-08 12:23:06 PM [error]: Uncaught Exception: listen EADDRINUSE: address already in use :::8004 
2026-01-08 12:25:38 PM [error]: Error starting the server: 
2026-01-08 12:40:54 PM [error]: Uncaught Exception: listen EADDRINUSE: address already in use :::8004 
2026-01-08 12:45:14 PM [error]: Error starting the server: 
2026-01-08 01:03:23 PM [error]: Error starting the server: password authentication failed for user "admin" 
2026-01-08 01:07:45 PM [error]: Uncaught Exception: listen EADDRINUSE: address already in use :::8004 
2026-01-08 03:24:38 PM [error]: AppError: You need to re-authenticate. Please log in. 
2026-01-08 03:24:38 PM [error]: AppError: You need to re-authenticate. Please log in. 
2026-01-08 03:24:38 PM [error]: AppError: You need to re-authenticate. Please log in. 
2026-01-08 03:24:38 PM [error]: AppError: You need to re-authenticate. Please log in. 
2026-01-08 03:24:38 PM [error]: AppError: You need to re-authenticate. Please log in. 
2026-01-08 03:24:38 PM [error]: AppError: You need to re-authenticate. Please log in. 
2026-01-08 03:24:38 PM [error]: AppError: You need to re-authenticate. Please log in. 
2026-01-08 03:24:38 PM [error]: AppError: You need to re-authenticate. Please log in. 
2026-01-08 03:24:38 PM [error]: AppError: You need to re-authenticate. Please log in. 
2026-01-08 03:24:38 PM [error]: AppError: You need to re-authenticate. Please log in. 
2026-01-08 03:24:38 PM [error]: AppError: You need to re-authenticate. Please log in. 
2026-01-08 03:54:23 PM [error]: Error creating procurement target Cannot read properties of undefined (reading 'map') 
2026-01-08 03:54:23 PM [error]: Unhandled Error: Cannot read properties of undefined (reading 'map') 
2026-01-08 03:56:49 PM [error]: Error creating procurement target procurementTargetPlane is required and must be an array 
2026-01-08 03:56:49 PM [error]: Unhandled Error: procurementTargetPlane is required and must be an array 
2026-01-08 04:50:43 PM [error]: AppError: You need to re-authenticate. Please log in. 
2026-01-08 04:50:43 PM [error]: AppError: You need to re-authenticate. Please log in. 
2026-01-08 04:50:43 PM [error]: AppError: You need to re-authenticate. Please log in. 
2026-01-08 04:50:44 PM [error]: AppError: You need to re-authenticate. Please log in. 
2026-01-08 04:50:44 PM [error]: AppError: You need to re-authenticate. Please log in. 
2026-01-08 04:50:44 PM [error]: AppError: You need to re-authenticate. Please log in. 
2026-01-08 04:50:45 PM [error]: AppError: You need to re-authenticate. Please log in. 
2026-01-08 04:50:45 PM [error]: AppError: You need to re-authenticate. Please log in. 
2026-01-08 04:50:45 PM [error]: AppError: You need to re-authenticate. Please log in. 
2026-01-08 04:50:46 PM [error]: AppError: You need to re-authenticate. Please log in. 
2026-01-08 04:50:46 PM [error]: AppError: You need to re-authenticate. Please log in. 
2026-01-08 04:50:46 PM [error]: AppError: You need to re-authenticate. Please log in. 
2026-01-09 03:14:32 PM [error]: Error creating procurement target null value in column "monthlyTotalQty" of relation "procurement_targets" violates not-null constraint 
2026-01-09 03:14:32 PM [error]: Unhandled Error: null value in column "monthlyTotalQty" of relation "procurement_targets" violates not-null constraint 
2026-01-09 03:14:43 PM [error]: Error creating procurement target null value in column "monthlyTotalQty" of relation "procurement_targets" violates not-null constraint 
2026-01-09 03:14:43 PM [error]: Unhandled Error: null value in column "monthlyTotalQty" of relation "procurement_targets" violates not-null constraint 
2026-01-09 03:15:12 PM [error]: Error creating procurement target null value in column "monthlyTotalQty" of relation "procurement_targets" violates not-null constraint 
2026-01-09 03:15:12 PM [error]: Unhandled Error: null value in column "monthlyTotalQty" of relation "procurement_targets" violates not-null constraint 
2026-01-09 03:16:17 PM [error]: Error creating procurement target null value in column "monthlyTotalQty" of relation "procurement_targets" violates not-null constraint 
2026-01-09 03:16:17 PM [error]: Unhandled Error: null value in column "monthlyTotalQty" of relation "procurement_targets" violates not-null constraint 
2026-01-20 10:13:26 AM [error]: Error generating enhanced monthly business plan Excel: Relation with property path products in entity was not found. [IP: ::1]
2026-01-20 10:13:26 AM [error]: Unhandled Error: Relation with property path products in entity was not found. 
2026-01-20 11:03:52 AM [error]: Error generating enhanced monthly business plan Excel: column stp.target_id does not exist [IP: ::1]
2026-01-20 11:03:52 AM [error]: Unhandled Error: column stp.target_id does not exist 
2026-01-22 11:16:55 AM [error]: Error fetching procurement target performance _b.toISOString is not a function 
2026-01-22 11:16:55 AM [error]: Unhandled Error: _b.toISOString is not a function 
2026-01-22 11:17:11 AM [error]: Error fetching procurement target performance _b.toISOString is not a function 
2026-01-22 11:17:11 AM [error]: Unhandled Error: _b.toISOString is not a function 
2026-01-22 12:05:43 PM [error]: AppError: You need to re-authenticate. Please log in. 
2026-01-22 03:30:38 PM [error]: AppError: You need to re-authenticate. Please log in. 
2026-01-22 03:30:38 PM [error]: AppError: You need to re-authenticate. Please log in. 
2026-01-22 03:30:38 PM [error]: AppError: You need to re-authenticate. Please log in. 
2026-01-22 03:30:38 PM [error]: AppError: You need to re-authenticate. Please log in. 
2026-01-22 03:30:38 PM [error]: AppError: You need to re-authenticate. Please log in. 
2026-01-22 03:30:38 PM [error]: AppError: You need to re-authenticate. Please log in. 
2026-01-22 03:30:38 PM [error]: AppError: You need to re-authenticate. Please log in. 
2026-01-22 03:30:38 PM [error]: AppError: You need to re-authenticate. Please log in. 
2026-01-22 03:30:38 PM [error]: AppError: You need to re-authenticate. Please log in. 
2026-01-22 03:30:38 PM [error]: AppError: You need to re-authenticate. Please log in. 
2026-01-22 03:30:38 PM [error]: AppError: You need to re-authenticate. Please log in. 
2026-01-22 03:30:39 PM [error]: AppError: You need to re-authenticate. Please log in. 
2026-01-22 03:30:39 PM [error]: AppError: You need to re-authenticate. Please log in. 
2026-01-22 03:30:39 PM [error]: AppError: You need to re-authenticate. Please log in. 
2026-01-22 03:30:39 PM [error]: AppError: You need to re-authenticate. Please log in. 
2026-01-22 03:30:39 PM [error]: AppError: You need to re-authenticate. Please log in. 
2026-01-22 03:30:39 PM [error]: AppError: You need to re-authenticate. Please log in. 
2026-01-22 03:30:39 PM [error]: AppError: You need to re-authenticate. Please log in. 
2026-01-22 03:30:39 PM [error]: AppError: You need to re-authenticate. Please log in. 
2026-01-22 03:30:39 PM [error]: AppError: You need to re-authenticate. Please log in. 
2026-01-22 03:30:39 PM [error]: AppError: You need to re-authenticate. Please log in. 
2026-01-22 03:30:39 PM [error]: AppError: You need to re-authenticate. Please log in. 
2026-01-22 03:30:40 PM [error]: AppError: You need to re-authenticate. Please log in. 
2026-01-22 03:30:40 PM [error]: AppError: You need to re-authenticate. Please log in. 
2026-01-22 03:30:40 PM [error]: AppError: You need to re-authenticate. Please log in. 
2026-01-22 03:30:40 PM [error]: AppError: You need to re-authenticate. Please log in. 
2026-01-22 03:30:40 PM [error]: AppError: You need to re-authenticate. Please log in. 
2026-01-22 03:30:41 PM [error]: AppError: You need to re-authenticate. Please log in. 
2026-01-22 03:30:41 PM [error]: AppError: You need to re-authenticate. Please log in. 
2026-01-22 03:30:41 PM [error]: AppError: You need to re-authenticate. Please log in. 
2026-01-22 03:30:41 PM [error]: AppError: You need to re-authenticate. Please log in. 
2026-01-22 03:30:41 PM [error]: AppError: You need to re-authenticate. Please log in. 
2026-01-22 03:30:42 PM [error]: AppError: You need to re-authenticate. Please log in. 
2026-01-22 03:30:42 PM [error]: AppError: You need to re-authenticate. Please log in. 
2026-01-22 03:30:42 PM [error]: AppError: You need to re-authenticate. Please log in. 
2026-01-22 03:30:42 PM [error]: AppError: You need to re-authenticate. Please log in. 
2026-01-22 03:30:42 PM [error]: AppError: You need to re-authenticate. Please log in. 
2026-01-22 03:30:42 PM [error]: AppError: You need to re-authenticate. Please log in. 
2026-01-22 03:30:44 PM [error]: AppError: You need to re-authenticate. Please log in. 
2026-01-22 03:30:44 PM [error]: AppError: You need to re-authenticate. Please log in. 
2026-01-22 03:30:44 PM [error]: AppError: You need to re-authenticate. Please log in. 
2026-01-22 03:30:44 PM [error]: AppError: You need to re-authenticate. Please log in. 
2026-01-22 03:30:44 PM [error]: AppError: You need to re-authenticate. Please log in. 
2026-01-22 03:30:44 PM [error]: AppError: You need to re-authenticate. Please log in. 
2026-01-22 05:41:16 PM [error]: Unhandled Error: Request aborted 
2026-01-22 05:44:38 PM [error]: Unhandled Error: Request aborted 
2026-01-22 05:45:54 PM [error]: Unhandled Error: Request aborted 
2026-01-23 05:36:51 PM [error]: Workflow hierarchy not found for the given employee 
2026-01-23 05:36:51 PM [error]: AppError: Workflow hierarchy not found 
2026-01-23 05:47:02 PM [error]: Error starting the server: could not create unique index "UQ_53b9025ee32e63c20307657fffe" 
2026-01-24 12:43:47 PM [error]: Error creating procurement target invalid input value for enum procurement_targets_status_enum: "DRAFT" 
2026-01-24 12:43:47 PM [error]: Unhandled Error: invalid input value for enum procurement_targets_status_enum: "DRAFT" 
2026-01-24 12:45:28 PM [error]: Error creating procurement target duplicate key value violates unique constraint "IDX_1323c6989f83b4ae06f27db231" 
2026-01-24 12:45:28 PM [error]: Unhandled Error: duplicate key value violates unique constraint "IDX_1323c6989f83b4ae06f27db231" 
2026-01-24 12:46:00 PM [error]: Error creating procurement target plan is not iterable 
2026-01-24 12:46:00 PM [error]: Unhandled Error: plan is not iterable 
2026-01-24 12:50:36 PM [error]: Error creating procurement target Plan is required in the request body 
2026-01-24 12:50:36 PM [error]: Unhandled Error: Plan is required in the request body 
2026-01-24 12:50:42 PM [error]: Error creating procurement target Plan is required in the request body 
2026-01-24 12:50:42 PM [error]: Unhandled Error: Plan is required in the request body 
2026-01-24 12:51:15 PM [error]: Error creating procurement target Plan is required in the request body 
2026-01-24 12:51:15 PM [error]: Unhandled Error: Plan is required in the request body 
2026-01-24 12:52:31 PM [error]: Error creating procurement target weeklyProcurement must be an array for product: undefined 
2026-01-24 12:52:31 PM [error]: Unhandled Error: weeklyProcurement must be an array for product: undefined 
2026-01-24 12:57:43 PM [error]: Error creating procurement target duplicate key value violates unique constraint "IDX_1323c6989f83b4ae06f27db231" 
2026-01-24 12:57:43 PM [error]: Unhandled Error: duplicate key value violates unique constraint "IDX_1323c6989f83b4ae06f27db231" 
2026-01-24 03:18:13 PM [error]: Error creating procurement target Cannot read properties of undefined (reading 'map') 
2026-01-24 03:18:13 PM [error]: Unhandled Error: Cannot read properties of undefined (reading 'map') 
2026-01-24 03:19:51 PM [error]: Error creating procurement target null value in column "remark" of relation "procurement_target_products" violates not-null constraint 
2026-01-24 03:19:51 PM [error]: Unhandled Error: null value in column "remark" of relation "procurement_target_products" violates not-null constraint 
2026-01-24 03:20:09 PM [error]: Error creating procurement target invalid input value for enum procurement_target_weeks_weekno_enum: "6" 
2026-01-24 03:20:09 PM [error]: Unhandled Error: invalid input value for enum procurement_target_weeks_weekno_enum: "6" 
2026-01-24 03:24:43 PM [error]: Error creating procurement target duplicate key value violates unique constraint "IDX_1323c6989f83b4ae06f27db231" 
2026-01-24 03:24:43 PM [error]: Unhandled Error: duplicate key value violates unique constraint "IDX_1323c6989f83b4ae06f27db231" 
2026-01-24 03:57:55 PM [error]: Unexpected error during login process 
2026-01-24 03:57:55 PM [error]: AppError: Wrong password 
2026-01-24 03:57:55 PM [error]: AppError: You need to re-authenticate. Please log in. 
2026-01-24 03:58:05 PM [error]: Unexpected error during login process 
2026-01-24 03:58:05 PM [error]: AppError: Wrong password 
2026-01-24 03:58:05 PM [error]: AppError: You need to re-authenticate. Please log in. 
2026-01-24 03:58:41 PM [error]: Unhandled Error: Cannot read properties of null (reading 'id') 
2026-01-24 03:58:43 PM [error]: Unhandled Error: Cannot read properties of null (reading 'id') 
2026-01-24 04:04:27 PM [error]: Unhandled Error: Cannot read properties of null (reading 'id') 
2026-01-24 04:04:30 PM [error]: Unhandled Error: Cannot read properties of null (reading 'id') 
2026-01-24 04:12:25 PM [error]: Unhandled Error: Cannot read properties of null (reading 'id') 
2026-01-24 04:12:27 PM [error]: Unhandled Error: Cannot read properties of null (reading 'id') 
2026-01-24 04:37:17 PM [error]: Unhandled Error: Cannot read properties of null (reading 'id') 
2026-01-24 04:37:29 PM [error]: Unhandled Error: Cannot read properties of null (reading 'id') 
2026-01-24 04:37:31 PM [error]: Unhandled Error: Cannot read properties of null (reading 'id') 
2026-01-24 04:40:09 PM [error]: Unhandled Error: Cannot read properties of null (reading 'id') 
2026-01-24 04:40:11 PM [error]: Unhandled Error: Cannot read properties of null (reading 'id') 
2026-01-24 04:41:06 PM [error]: Unhandled Error: Cannot read properties of null (reading 'id') 
2026-01-24 04:41:08 PM [error]: Unhandled Error: Cannot read properties of null (reading 'id') 
2026-01-24 04:44:27 PM [error]: Unhandled Error: Cannot read properties of null (reading 'id') 
2026-01-24 04:44:29 PM [error]: Unhandled Error: Cannot read properties of null (reading 'id') 
2026-01-24 05:02:35 PM [error]: Error creating RFPA: Failed to create RFPA: invalid input syntax for type uuid: "{"id":"afbc0d3d-99a8-45b8-9b58-051164a2cd54"}" 
2026-01-24 05:02:35 PM [error]: Unhandled Error: Failed to create RFPA: invalid input syntax for type uuid: "{"id":"afbc0d3d-99a8-45b8-9b58-051164a2cd54"}" 
2026-01-24 05:05:13 PM [error]: Error creating RFPA: Failed to create RFPA: invalid input syntax for type uuid: "{"id":"afbc0d3d-99a8-45b8-9b58-051164a2cd54"}" 
2026-01-24 05:05:13 PM [error]: Unhandled Error: Failed to create RFPA: invalid input syntax for type uuid: "{"id":"afbc0d3d-99a8-45b8-9b58-051164a2cd54"}" 
2026-01-24 05:05:44 PM [error]: Error creating RFPA: Failed to create RFPA: invalid input syntax for type uuid: "{"id":"afbc0d3d-99a8-45b8-9b58-051164a2cd54"}" 
2026-01-24 05:05:44 PM [error]: Unhandled Error: Failed to create RFPA: invalid input syntax for type uuid: "{"id":"afbc0d3d-99a8-45b8-9b58-051164a2cd54"}" 
2026-01-24 05:11:10 PM [error]: Error creating RFPA: Failed to create RFPA: invalid input syntax for type uuid: "{"id":"afbc0d3d-99a8-45b8-9b58-051164a2cd54"}" 
2026-01-24 05:11:10 PM [error]: Unhandled Error: Failed to create RFPA: invalid input syntax for type uuid: "{"id":"afbc0d3d-99a8-45b8-9b58-051164a2cd54"}" 
2026-01-24 05:31:31 PM [error]: AppError: You need to re-authenticate. Please log in. 
2026-01-24 05:35:51 PM [error]: Unhandled Error: Relation with property path role in entity was not found. 
2026-01-24 05:35:52 PM [error]: Unhandled Error: Relation with property path role in entity was not found. 
2026-01-24 05:36:06 PM [error]: Unhandled Error: Relation with property path role in entity was not found. 
2026-01-24 05:36:08 PM [error]: Unhandled Error: Relation with property path role in entity was not found. 
2026-01-24 05:36:20 PM [error]: Unhandled Error: Relation with property path role in entity was not found. 
2026-01-24 05:36:21 PM [error]: Unhandled Error: Relation with property path role in entity was not found. 
2026-01-24 05:37:43 PM [error]: Unhandled Error: Relation with property path role in entity was not found. 
2026-01-24 05:37:44 PM [error]: Unhandled Error: Relation with property path role in entity was not found. 
2026-01-24 05:37:46 PM [error]: Unhandled Error: Relation with property path role in entity was not found. 
2026-01-24 05:37:47 PM [error]: Unhandled Error: Relation with property path role in entity was not found. 
